Component: ARM Compiler 5.06 update 7 (build 960) Tool: armlink [4d3601]

==============================================================================

Section Cross References

    startup_stm32f411xe.o(RESET) refers to startup_stm32f411xe.o(STACK) for __initial_sp
    startup_stm32f411xe.o(RESET) refers to startup_stm32f411xe.o(.text) for Reset_Handler
    startup_stm32f411xe.o(RESET) refers to stm32f4xx_it.o(i.NMI_Handler) for NMI_Handler
    startup_stm32f411xe.o(RESET) refers to stm32f4xx_it.o(i.HardFault_Handler) for HardFault_Handler
    startup_stm32f411xe.o(RESET) refers to stm32f4xx_it.o(i.MemManage_Handler) for MemManage_Handler
    startup_stm32f411xe.o(RESET) refers to stm32f4xx_it.o(i.BusFault_Handler) for BusFault_Handler
    startup_stm32f411xe.o(RESET) refers to stm32f4xx_it.o(i.UsageFault_Handler) for UsageFault_Handler
    startup_stm32f411xe.o(RESET) refers to stm32f4xx_it.o(i.SVC_Handler) for SVC_Handler
    startup_stm32f411xe.o(RESET) refers to stm32f4xx_it.o(i.DebugMon_Handler) for DebugMon_Handler
    startup_stm32f411xe.o(RESET) refers to stm32f4xx_it.o(i.PendSV_Handler) for PendSV_Handler
    startup_stm32f411xe.o(RESET) refers to stm32f4xx_it.o(i.SysTick_Handler) for SysTick_Handler
    startup_stm32f411xe.o(RESET) refers to stm32f4xx_it.o(i.EXTI0_IRQHandler) for EXTI0_IRQHandler
    startup_stm32f411xe.o(RESET) refers to stm32f4xx_it.o(i.DMA1_Stream5_IRQHandler) for DMA1_Stream5_IRQHandler
    startup_stm32f411xe.o(RESET) refers to stm32f4xx_it.o(i.TIM3_IRQHandler) for TIM3_IRQHandler
    startup_stm32f411xe.o(RESET) refers to as608.o(i.USART1_IRQHandler) for USART1_IRQHandler
    startup_stm32f411xe.o(RESET) refers to stm32f4xx_it.o(i.USART2_IRQHandler) for USART2_IRQHandler
    startup_stm32f411xe.o(RESET) refers to stm32f4xx_it.o(i.DMA2_Stream2_IRQHandler) for DMA2_Stream2_IRQHandler
    startup_stm32f411xe.o(.text) refers to system_stm32f4xx.o(i.SystemInit) for SystemInit
    startup_stm32f411xe.o(.text) refers to entry.o(.ARM.Collect$$$$00000000) for __main
    main.o(i.HAL_TIM_PeriodElapsedCallback) refers to stm32f4xx_hal.o(i.HAL_IncTick) for HAL_IncTick
    main.o(i.SystemClock_Config) refers to memseta.o(.text) for __aeabi_memclr4
    main.o(i.SystemClock_Config) refers to stm32f4xx_hal_rcc.o(i.HAL_RCC_OscConfig) for HAL_RCC_OscConfig
    main.o(i.SystemClock_Config) refers to stm32f4xx_hal_rcc.o(i.HAL_RCC_ClockConfig) for HAL_RCC_ClockConfig
    main.o(i.main) refers to stm32f4xx_hal.o(i.HAL_Init) for HAL_Init
    main.o(i.main) refers to main.o(i.SystemClock_Config) for SystemClock_Config
    main.o(i.main) refers to gpio.o(i.MX_GPIO_Init) for MX_GPIO_Init
    main.o(i.main) refers to dma.o(i.MX_DMA_Init) for MX_DMA_Init
    main.o(i.main) refers to adc.o(i.MX_ADC1_Init) for MX_ADC1_Init
    main.o(i.main) refers to spi.o(i.MX_SPI1_Init) for MX_SPI1_Init
    main.o(i.main) refers to spi.o(i.MX_SPI2_Init) for MX_SPI2_Init
    main.o(i.main) refers to usart.o(i.MX_USART1_UART_Init) for MX_USART1_UART_Init
    main.o(i.main) refers to usart.o(i.MX_USART2_UART_Init) for MX_USART2_UART_Init
    main.o(i.main) refers to stm32f4xx_hal_cortex.o(i.HAL_NVIC_SetPriority) for HAL_NVIC_SetPriority
    main.o(i.main) refers to stm32f4xx_hal_cortex.o(i.HAL_NVIC_EnableIRQ) for HAL_NVIC_EnableIRQ
    main.o(i.main) refers to printf8.o(i.__0printf$8) for __2printf
    main.o(i.main) refers to app_task.o(i.device) for device
    main.o(i.main) refers to app_task.o(i.app_task_run) for app_task_run
    gpio.o(i.MX_GPIO_Init) refers to memseta.o(.text) for __aeabi_memclr4
    gpio.o(i.MX_GPIO_Init) refers to stm32f4xx_hal_gpio.o(i.HAL_GPIO_WritePin) for HAL_GPIO_WritePin
    gpio.o(i.MX_GPIO_Init) refers to stm32f4xx_hal_gpio.o(i.HAL_GPIO_Init) for HAL_GPIO_Init
    adc.o(i.HAL_ADC_MspDeInit) refers to stm32f4xx_hal_gpio.o(i.HAL_GPIO_DeInit) for HAL_GPIO_DeInit
    adc.o(i.HAL_ADC_MspInit) refers to memseta.o(.text) for __aeabi_memclr4
    adc.o(i.HAL_ADC_MspInit) refers to stm32f4xx_hal_gpio.o(i.HAL_GPIO_Init) for HAL_GPIO_Init
    adc.o(i.MX_ADC1_Init) refers to stm32f4xx_hal_adc.o(i.HAL_ADC_Init) for HAL_ADC_Init
    adc.o(i.MX_ADC1_Init) refers to main.o(i.Error_Handler) for Error_Handler
    adc.o(i.MX_ADC1_Init) refers to stm32f4xx_hal_adc.o(i.HAL_ADC_ConfigChannel) for HAL_ADC_ConfigChannel
    adc.o(i.MX_ADC1_Init) refers to adc.o(.bss) for .bss
    spi.o(i.HAL_SPI_MspDeInit) refers to stm32f4xx_hal_gpio.o(i.HAL_GPIO_DeInit) for HAL_GPIO_DeInit
    spi.o(i.HAL_SPI_MspInit) refers to memseta.o(.text) for __aeabi_memclr4
    spi.o(i.HAL_SPI_MspInit) refers to stm32f4xx_hal_gpio.o(i.HAL_GPIO_Init) for HAL_GPIO_Init
    spi.o(i.MX_SPI1_Init) refers to stm32f4xx_hal_spi.o(i.HAL_SPI_Init) for HAL_SPI_Init
    spi.o(i.MX_SPI1_Init) refers to main.o(i.Error_Handler) for Error_Handler
    spi.o(i.MX_SPI1_Init) refers to spi.o(.bss) for .bss
    spi.o(i.MX_SPI2_Init) refers to stm32f4xx_hal_spi.o(i.HAL_SPI_Init) for HAL_SPI_Init
[...]
    Removing sx127x_hal.o(i.SX127X_WriteBuffer), (50 bytes).
    Removing dadd.o(.text), (334 bytes).
    Removing dmul.o(.text), (228 bytes).
    Removing ddiv.o(.text), (222 bytes).
    Removing dfltui.o(.text), (26 bytes).
    Removing dfixui.o(.text), (50 bytes).
    Removing f2d.o(.text), (38 bytes).
    Removing d2f.o(.text), (56 bytes).
    Removing fepilogue.o(.text), (110 bytes).
    Removing depilogue.o(.text), (186 bytes).
    Removing dfixul.o(.text), (48 bytes).
    Removing cdrcmple.o(.text), (48 bytes).

612 unused section(s) (total 38136 bytes) removed from the image.

==============================================================================

Image Symbol Table

    Local Symbols

    Symbol Name                              Value     Ov Type        Size  Object(Section)

    ../Drivers/STM32F4xx_HAL_Driver/Src/stm32f4xx_hal.c 0x00000000   Number         0  stm32f4xx_hal.o ABSOLUTE
    ../Drivers/STM32F4xx_HAL_Driver/Src/stm32f4xx_hal_adc.c 0x00000000   Number         0  stm32f4xx_hal_adc.o ABSOLUTE
    ../Drivers/STM32F4xx_HAL_Driver/Src/stm32f4xx_hal_adc_ex.c 0x00000000   Number         0  stm32f4xx_hal_adc_ex.o ABSOLUTE
    ../Drivers/STM32F4xx_HAL_Driver/Src/stm32f4xx_hal_cortex.c 0x00000000   Number         0  stm32f4xx_hal_cortex.o ABSOLUTE
    ../Drivers/STM32F4xx_HAL_Driver/Src/stm32f4xx_hal_dma.c 0x00000000   Number         0  stm32f4xx_hal_dma.o ABSOLUTE
    ../Drivers/STM32F4xx_HAL_Driver/Src/stm32f4xx_hal_dma_ex.c 0x00000000   Number         0  stm32f4xx_hal_dma_ex.o ABSOLUTE
    ../Drivers/STM32F4xx_HAL_Driver/Src/stm32f4xx_hal_exti.c 0x00000000   Number         0  stm32f4xx_hal_exti.o ABSOLUTE
    ../Drivers/STM32F4xx_HAL_Driver/Src/stm32f4xx_hal_flash.c 0x00000000   Number         0  stm32f4xx_hal_flash.o ABSOLUTE
    ../Drivers/STM32F4xx_HAL_Driver/Src/stm32f4xx_hal_flash_ex.c 0x00000000   Number         0  stm32f4xx_hal_flash_ex.o ABSOLUTE
    ../Drivers/STM32F4xx_HAL_Driver/Src/stm32f4xx_hal_flash_ramfunc.c 0x00000000   Number         0  stm32f4xx_hal_flash_ramfunc.o ABSOLUTE
    ../Drivers/STM32F4xx_HAL_Driver/Src/stm32f4xx_hal_gpio.c 0x00000000   Number         0  stm32f4xx_hal_gpio.o ABSOLUTE
    ../Drivers/STM32F4xx_HAL_Driver/Src/stm32f4xx_hal_pwr.c 0x00000000   Number         0  stm32f4xx_hal_pwr.o ABSOLUTE
    ../Drivers/STM32F4xx_HAL_Driver/Src/stm32f4xx_hal_pwr_ex.c 0x00000000   Number         0  stm32f4xx_hal_pwr_ex.o ABSOLUTE
    ../Drivers/STM32F4xx_HAL_Driver/Src/stm32f4xx_hal_rcc.c 0x00000000   Number         0  stm32f4xx_hal_rcc.o ABSOLUTE
    ../Drivers/STM32F4xx_HAL_Driver/Src/stm32f4xx_hal_rcc_ex.c 0x00000000   Number         0  stm32f4xx_hal_rcc_ex.o ABSOLUTE
    ../Drivers/STM32F4xx_HAL_Driver/Src/stm32f4xx_hal_spi.c 0x00000000   Number         0  stm32f4xx_hal_spi.o ABSOLUTE
    ../Drivers/STM32F4xx_HAL_Driver/Src/stm32f4xx_hal_tim.c 0x00000000   Number         0  stm32f4xx_hal_tim.o ABSOLUTE
    ../Drivers/STM32F4xx_HAL_Driver/Src/stm32f4xx_hal_tim_ex.c 0x00000000   Number         0  stm32f4xx_hal_tim_ex.o ABSOLUTE
    ../Drivers/STM32F4xx_HAL_Driver/Src/stm32f4xx_hal_uart.c 0x00000000   Number         0  stm32f4xx_hal_uart.o ABSOLUTE
    ../Src/adc.c                             0x00000000   Number         0  adc.o ABSOLUTE
    ../Src/dma.c                             0x00000000   Number         0  dma.o ABSOLUTE
    ../Src/gpio.c                            0x00000000   Number         0  gpio.o ABSOLUTE
    ../Src/main.c                            0x00000000   Number         0  main.o ABSOLUTE
    ../Src/spi.c                             0x00000000   Number         0  spi.o ABSOLUTE
    ../Src/stm32f4xx_hal_msp.c               0x00000000   Number         0  stm32f4xx_hal_msp.o ABSOLUTE
    ../Src/stm32f4xx_hal_timebase_tim.c      0x00000000   Number         0  stm32f4xx_hal_timebase_tim.o ABSOLUTE
    ../Src/stm32f4xx_it.c                    0x00000000   Number         0  stm32f4xx_it.o ABSOLUTE
    ../Src/system_stm32f4xx.c                0x00000000   Number         0  system_stm32f4xx.o ABSOLUTE
    ../Src/usart.c                           0x00000000   Number         0  usart.o ABSOLUTE
    ../clib/microlib/division.c              0x00000000   Number         0  uldiv.o ABSOLUTE
    ../clib/microlib/division.c              0x00000000   Number         0  uidiv.o ABSOLUTE
    ../clib/microlib/init/entry.s            0x00000000   Number         0  entry.o ABSOLUTE
    ../clib/microlib/init/entry.s            0x00000000   Number         0  entry8a.o ABSOLUTE
    ../clib/microlib/init/entry.s            0x00000000   Number         0  entry7a.o ABSOLUTE
    ../clib/microlib/init/entry.s            0x00000000   Number         0  entry5.o ABSOLUTE
    ../clib/microlib/init/entry.s            0x00000000   Number         0  entry12a.o ABSOLUTE
    ../clib/microlib/init/entry.s            0x00000000   Number         0  entry2.o ABSOLUTE
    ../clib/microlib/init/entry.s            0x00000000   Number         0  entry12b.o ABSOLUTE
    ../clib/microlib/init/entry.s            0x00000000   Number         0  entry7b.o ABSOLUTE
    ../clib/microlib/init/entry.s            0x00000000   Number         0  entry11b.o ABSOLUTE
    ../clib/microlib/init/entry.s            0x00000000   Number         0  entry11a.o ABSOLUTE
    ../clib/microlib/init/entry.s            0x00000000   Number         0  entry10b.o ABSOLUTE
    ../clib/microlib/init/entry.s            0x00000000   Number         0  entry10a.o ABSOLUTE
    ../clib/microlib/init/entry.s            0x00000000   Number         0  entry9b.o ABSOLUTE
    ../clib/microlib/init/entry.s            0x00000000   Number         0  entry9a.o ABSOLUTE
    ../clib/microlib/init/entry.s            0x00000000   Number         0  entry8b.o ABSOLUTE
    ../clib/microlib/longlong.c              0x00000000   Number         0  llushr.o ABSOLUTE
    ../clib/microlib/longlong.c              0x00000000   Number         0  llshl.o ABSOLUTE
    ../clib/microlib/longlong.c              0x00000000   Number         0  llsshr.o ABSOLUTE
    ../clib/microlib/printf/printf.c         0x00000000   Number         0  printfb.o ABSOLUTE
    ../clib/microlib/printf/printf.c         0x00000000   Number         0  printf0.o ABSOLUTE
    ../clib/microlib/printf/printf.c         0x00000000   Number         0  printf1.o ABSOLUTE
    ../clib/microlib/printf/printf.c         0x00000000   Number         0  printf3.o ABSOLUTE
    ../clib/microlib/printf/printf.c         0x00000000   Number         0  printf4.o ABSOLUTE
    ../clib/microlib/printf/printf.c         0x00000000   Number         0  printf5.o ABSOLUTE
    ../clib/microlib/printf/printf.c         0x00000000   Number         0  printf6.o ABSOLUTE
    ../clib/microlib/printf/printf.c         0x00000000   Number         0  printf7.o ABSOLUTE
    ../clib/microlib/printf/printf.c         0x00000000   Number         0  printf8.o ABSOLUTE
    ../clib/microlib/printf/printf.c         0x00000000   Number         0  printf2.o ABSOLUTE
    ../clib/microlib/printf/printf.c         0x00000000   Number         0  printfa.o ABSOLUTE
    ../clib/microlib/printf/stubs.s          0x00000000   Number         0  stubs.o ABSOLUTE
    ../clib/microlib/stdio/streams.c         0x00000000   Number         0  stdout.o ABSOLUTE
    ../clib/microlib/string/memset.c         0x00000000   Number         0  memseta.o ABSOLUTE
    ../clib/microlib/string/strstr.c         0x00000000   Number         0  strstr.o ABSOLUTE
    ../clib/microlib/stubs.s                 0x00000000   Number         0  iusefp.o ABSOLUTE
    ../fplib/microlib/d2f.c                  0x00000000   Number         0  d2f.o ABSOLUTE
    ../fplib/microlib/f2d.c                  0x00000000   Number         0  f2d.o ABSOLUTE
    ../fplib/microlib/fpadd.c                0x00000000   Number         0  dadd.o ABSOLUTE
    ../fplib/microlib/fpdiv.c                0x00000000   Number         0  ddiv.o ABSOLUTE
    ../fplib/microlib/fpepilogue.c           0x00000000   Number         0  fepilogue.o ABSOLUTE
    ../fplib/microlib/fpepilogue.c           0x00000000   Number         0  depilogue.o ABSOLUTE
    ../fplib/microlib/fpfix.c                0x00000000   Number         0  dfixui.o ABSOLUTE
    ../fplib/microlib/fpfix.c                0x00000000   Number         0  dfixul.o ABSOLUTE
    ../fplib/microlib/fpflt.c                0x00000000   Number         0  dfltui.o ABSOLUTE
    ../fplib/microlib/fpmul.c                0x00000000   Number         0  dmul.o ABSOLUTE
    ..\APP\app_task.c                        0x00000000   Number         0  app_task.o ABSOLUTE
    ..\BSP\DEBUG_USART_HAL.c                 0x00000000   Number         0  debug_usart_hal.o ABSOLUTE
    ..\BSP\SX127X_Driver.c                   0x00000000   Number         0  sx127x_driver.o ABSOLUTE
    ..\BSP\SX127X_Hal.c                      0x00000000   Number         0  sx127x_hal.o ABSOLUTE
    ..\BSP\adc_bat.c                         0x00000000   Number         0  adc_bat.o ABSOLUTE
    ..\BSP\as608.c                           0x00000000   Number         0  as608.o ABSOLUTE
    ..\BSP\as608_app.c                       0x00000000   Number         0  as608_app.o ABSOLUTE
    ..\BSP\rc522_app.c                       0x00000000   Number         0  rc522_app.o ABSOLUTE
    ..\BSP\speak_hal.c                       0x00000000   Number         0  speak_hal.o ABSOLUTE
    ..\Drivers\STM32F4xx_HAL_Driver\Src\stm32f4xx_hal.c 0x00000000   Number         0  stm32f4xx_hal.o ABSOLUTE
    ..\Drivers\STM32F4xx_HAL_Driver\Src\stm32f4xx_hal_adc.c 0x00000000   Number         0  stm32f4xx_hal_adc.o ABSOLUTE
    ..\Drivers\STM32F4xx_HAL_Driver\Src\stm32f4xx_hal_adc_ex.c 0x00000000   Number         0  stm32f4xx_hal_adc_ex.o ABSOLUTE
    ..\Drivers\STM32F4xx_HAL_Driver\Src\stm32f4xx_hal_cortex.c 0x00000000   Number         0  stm32f4xx_hal_cortex.o ABSOLUTE
    ..\Drivers\STM32F4xx_HAL_Driver\Src\stm32f4xx_hal_dma.c 0x00000000   Number         0  stm32f4xx_hal_dma.o ABSOLUTE
    ..\Drivers\STM32F4xx_HAL_Driver\Src\stm32f4xx_hal_dma_ex.c 0x00000000   Number         0  stm32f4xx_hal_dma_ex.o ABSOLUTE
    ..\Drivers\STM32F4xx_HAL_Driver\Src\stm32f4xx_hal_exti.c 0x00000000   Number         0  stm32f4xx_hal_exti.o ABSOLUTE
    ..\Drivers\STM32F4xx_HAL_Driver\Src\stm32f4xx_hal_flash.c 0x00000000   Number         0  stm32f4xx_hal_flash.o ABSOLUTE
    ..\Drivers\STM32F4xx_HAL_Driver\Src\stm32f4xx_hal_flash_ex.c 0x00000000   Number         0  stm32f4xx_hal_flash_ex.o ABSOLUTE
    ..\Drivers\STM32F4xx_HAL_Driver\Src\stm32f4xx_hal_flash_ramfunc.c 0x00000000   Number         0  stm32f4xx_hal_flash_ramfunc.o ABSOLUTE
    ..\Drivers\STM32F4xx_HAL_Driver\Src\stm32f4xx_hal_gpio.c 0x00000000   Number         0  stm32f4xx_hal_gpio.o ABSOLUTE
    ..\Drivers\STM32F4xx_HAL_Driver\Src\stm32f4xx_hal_pwr.c 0x00000000   Number         0  stm32f4xx_hal_pwr.o ABSOLUTE
    ..\Drivers\STM32F4xx_HAL_Driver\Src\stm32f4xx_hal_pwr_ex.c 0x00000000   Number         0  stm32f4xx_hal_pwr_ex.o ABSOLUTE
    ..\Drivers\STM32F4xx_HAL_Driver\Src\stm32f4xx_hal_rcc.c 0x00000000   Number         0  stm32f4xx_hal_rcc.o ABSOLUTE
    ..\Drivers\STM32F4xx_HAL_Driver\Src\stm32f4xx_hal_rcc_ex.c 0x00000000   Number         0  stm32f4xx_hal_rcc_ex.o ABSOLUTE
    ..\Drivers\STM32F4xx_HAL_Driver\Src\stm32f4xx_hal_spi.c 0x00000000   Number         0  stm32f4xx_hal_spi.o ABSOLUTE
    ..\Drivers\STM32F4xx_HAL_Driver\Src\stm32f4xx_hal_tim.c 0x00000000   Number         0  stm32f4xx_hal_tim.o ABSOLUTE
    ..\Drivers\STM32F4xx_HAL_Driver\Src\stm32f4xx_hal_tim_ex.c 0x00000000   Number         0  stm32f4xx_hal_tim_ex.o ABSOLUTE
    ..\Drivers\STM32F4xx_HAL_Driver\Src\stm32f4xx_hal_uart.c 0x00000000   Number         0  stm32f4xx_hal_uart.o ABSOLUTE
    ..\Src\adc.c                             0x00000000   Number         0  adc.o ABSOLUTE
    ..\Src\dma.c                             0x00000000   Number         0  dma.o ABSOLUTE
    ..\Src\gpio.c                            0x00000000   Number         0  gpio.o ABSOLUTE
    ..\Src\main.c                            0x00000000   Number         0  main.o ABSOLUTE
    ..\Src\spi.c                             0x00000000   Number         0  spi.o ABSOLUTE
    ..\Src\stm32f4xx_hal_msp.c               0x00000000   Number         0  stm32f4xx_hal_msp.o ABSOLUTE
    ..\Src\stm32f4xx_hal_timebase_tim.c      0x00000000   Number         0  stm32f4xx_hal_timebase_tim.o ABSOLUTE
    ..\Src\stm32f4xx_it.c                    0x00000000   Number         0  stm32f4xx_it.o ABSOLUTE
    ..\Src\system_stm32f4xx.c                0x00000000   Number         0  system_stm32f4xx.o ABSOLUTE
    ..\Src\usart.c                           0x00000000   Number         0  usart.o ABSOLUTE
    ..\\APP\\app_task.c                      0x00000000   Number         0  app_task.o ABSOLUTE
    ..\\BSP\\DEBUG_USART_HAL.c               0x00000000   Number         0  debug_usart_hal.o ABSOLUTE
    ..\\BSP\\SX127X_Driver.c                 0x00000000   Number         0  sx127x_driver.o ABSOLUTE
    ..\\BSP\\SX127X_Hal.c                    0x00000000   Number         0  sx127x_hal.o ABSOLUTE
    ..\\BSP\\adc_bat.c                       0x00000000   Number         0  adc_bat.o ABSOLUTE
    ..\\BSP\\as608.c                         0x00000000   Number         0  as608.o ABSOLUTE
    ..\\BSP\\as608_app.c                     0x00000000   Number         0  as608_app.o ABSOLUTE
    ..\\BSP\\rc522_app.c                     0x00000000   Number         0  rc522_app.o ABSOLUTE
    ..\\BSP\\speak_hal.c                     0x00000000   Number         0  speak_hal.o ABSOLUTE
    cdrcmple.s                               0x00000000   Number         0  cdrcmple.o ABSOLUTE
    dc.s                                     0x00000000   Number         0  dc.o ABSOLUTE
    handlers.s                               0x00000000   Number         0  handlers.o ABSOLUTE
    init.s                                   0x00000000   Number         0  init.o ABSOLUTE
    startup_stm32f411xe.s                    0x00000000   Number         0  startup_stm32f411xe.o ABSOLUTE
    RESET                                    0x08000000   Section      408  startup_stm32f411xe.o(RESET)
    .ARM.Collect$$$$00000000                 0x08000198   Section        0  entry.o(.ARM.Collect$$$$00000000)
    .ARM.Collect$$$$00000001                 0x08000198   Section        4  entry2.o(.ARM.Collect$$$$00000001)
    .ARM.Collect$$$$00000004                 0x0800019c   Section        4  entry5.o(.ARM.Collect$$$$00000004)
    .ARM.Collect$$$$00000008                 0x080001a0   Section        0  entry7b.o(.ARM.Collect$$$$00000008)
    .ARM.Collect$$$$0000000A                 0x080001a0   Section        0  entry8b.o(.ARM.Collect$$$$0000000A)
    .ARM.Collect$$$$0000000B                 0x080001a0   Section        8  entry9a.o(.ARM.Collect$$$$0000000B)
    .ARM.Collect$$$$0000000E                 0x080001a8   Section        4  entry12b.o(.ARM.Collect$$$$0000000E)
    .ARM.Collect$$$$0000000F                 0x080001ac   Section        0  entry10a.o(.ARM.Collect$$$$0000000F)
    .ARM.Collect$$$$00000011                 0x080001ac   Section        0  entry11a.o(.ARM.Collect$$$$00000011)
    .ARM.Collect$$$$00002712                 0x080001ac   Section        4  entry2.o(.ARM.Collect$$$$00002712)
    __lit__00000000                          0x080001ac   Data           4  entry2.o(.ARM.Collect$$$$00002712)
    .text                                    0x080001b0   Section       36  startup_stm32f411xe.o(.text)
    $v0                                      0x080001b0   Number         0  startup_stm32f411xe.o(.text)
    .text                                    0x080001d4   Section        0  uldiv.o(.text)
    .text                                    0x08000236   Section        0  memseta.o(.text)
    .text                                    0x0800025a   Section        0  strstr.o(.text)
    .text                                    0x0800027e   Section        0  llshl.o(.text)
    .text                                    0x0800029c   Section        0  llushr.o(.text)
    .text                                    0x080002bc   Section       36  init.o(.text)
    i.ADC_Init                               0x080002e0   Section        0  stm32f4xx_hal_adc.o(i.ADC_Init)
    ADC_Init                                 0x080002e1   Thumb Code   284  stm32f4xx_hal_adc.o(i.ADC_Init)
    i.Add_FR                                 0x08000408   Section        0  as608_app.o(i.Add_FR)
    i.BusFault_Handler                       0x08000644   Section        0  stm32f4xx_it.o(i.BusFault_Handler)
    i.CalulateCRC                            0x08000646   Section        0  rc522_app.o(i.CalulateCRC)
    i.ClearBitMask                           0x080006ac   Section        0  rc522_app.o(i.ClearBitMask)
    i.DMA1_Stream5_IRQHandler                0x080006c4   Section        0  stm32f4xx_it.o(i.DMA1_Stream5_IRQHandler)
    i.DMA2_Stream2_IRQHandler                0x080006d0   Section        0  stm32f4xx_it.o(i.DMA2_Stream2_IRQHandler)
    i.DMA_CalcBaseAndBitshift                0x080006dc   Section        0  stm32f4xx_hal_dma.o(i.DMA_CalcBaseAndBitshift)
    DMA_CalcBaseAndBitshift                  0x080006dd   Thumb Code    34  stm32f4xx_hal_dma.o(i.DMA_CalcBaseAndBitshift)
    i.DMA_CheckFifoParam                     0x08000704   Section        0  stm32f4xx_hal_dma.o(i.DMA_CheckFifoParam)
    DMA_CheckFifoParam                       0x08000705   Thumb Code    84  stm32f4xx_hal_dma.o(i.DMA_CheckFifoParam)
    i.DMA_SetConfig                          0x08000758   Section        0  stm32f4xx_hal_dma.o(i.DMA_SetConfig)
    DMA_SetConfig                            0x08000759   Thumb Code    40  stm32f4xx_hal_dma.o(i.DMA_SetConfig)
    i.DebugMon_Handler                       0x08000780   Section        0  stm32f4xx_it.o(i.DebugMon_Handler)
    i.ETH_DMA_START                          0x08000784   Section        0  as608.o(i.ETH_DMA_START)
    i.ETH_UsartReceive_IDLE                  0x080007a8   Section        0  as608.o(i.ETH_UsartReceive_IDLE)
    i.EXTI0_IRQHandler                       0x080007f0   Section        0  stm32f4xx_it.o(i.EXTI0_IRQHandler)
    i.EnsureMessage                          0x080007f8   Section        0  as608.o(i.EnsureMessage)
    i.Error_Handler                          0x08000a3c   Section        0  main.o(i.Error_Handler)
    i.HAL_ADC_ConfigChannel                  0x08000a40   Section        0  stm32f4xx_hal_adc.o(i.HAL_ADC_ConfigChannel)
    i.HAL_ADC_Init                           0x08000ba4   Section        0  stm32f4xx_hal_adc.o(i.HAL_ADC_Init)
    i.HAL_ADC_MspInit                        0x08000bf8   Section        0  adc.o(i.HAL_ADC_MspInit)
    i.HAL_DMA_Abort                          0x08000c58   Section        0  stm32f4xx_hal_dma.o(i.HAL_DMA_Abort)
    i.HAL_DMA_Abort_IT                       0x08000ce6   Section        0  stm32f4xx_hal_dma.o(i.HAL_DMA_Abort_IT)
    i.HAL_DMA_IRQHandler                     0x08000d0c   Section        0  stm32f4xx_hal_dma.o(i.HAL_DMA_IRQHandler)
    i.HAL_DMA_Init                           0x08000eac   Section        0  stm32f4xx_hal_dma.o(i.HAL_DMA_Init)
    i.HAL_DMA_Start_IT                       0x08000f80   Section        0  stm32f4xx_hal_dma.o(i.HAL_DMA_Start_IT)
    i.HAL_Delay                              0x08000ff0   Section        0  stm32f4xx_hal.o(i.HAL_Delay)
    i.HAL_GPIO_EXTI_Callback                 0x08001014   Section        0  stm32f4xx_hal_gpio.o(i.HAL_GPIO_EXTI_Callback)
    i.HAL_GPIO_EXTI_IRQHandler               0x08001018   Section        0  stm32f4xx_hal_gpio.o(i.HAL_GPIO_EXTI_IRQHandler)
    i.HAL_GPIO_Init                          0x08001030   Section        0  stm32f4xx_hal_gpio.o(i.HAL_GPIO_Init)
    i.HAL_GPIO_ReadPin                       0x080011c4   Section        0  stm32f4xx_hal_gpio.o(i.HAL_GPIO_ReadPin)
    i.HAL_GPIO_WritePin                      0x080011ce   Section        0  stm32f4xx_hal_gpio.o(i.HAL_GPIO_WritePin)
    i.HAL_GetTick                            0x080011d8   Section        0  stm32f4xx_hal.o(i.HAL_GetTick)
    i.HAL_IncTick                            0x080011e4   Section        0  stm32f4xx_hal.o(i.HAL_IncTick)
    i.HAL_Init                               0x080011f4   Section        0  stm32f4xx_hal.o(i.HAL_Init)
    i.HAL_InitTick                           0x08001228   Section        0  stm32f4xx_hal_timebase_tim.o(i.HAL_InitTick)
    i.HAL_MspInit                            0x0800129c   Section        0  stm32f4xx_hal_msp.o(i.HAL_MspInit)
    i.HAL_NVIC_EnableIRQ                     0x080012cc   Section        0  stm32f4xx_hal_cortex.o(i.HAL_NVIC_EnableIRQ)
    i.HAL_NVIC_SetPriority                   0x080012e8   Section        0  stm32f4xx_hal_cortex.o(i.HAL_NVIC_SetPriority)
    i.HAL_NVIC_SetPriorityGrouping           0x08001328   Section        0  stm32f4xx_hal_cortex.o(i.HAL_NVIC_SetPriorityGrouping)
    i.HAL_RCC_ClockConfig                    0x0800134c   Section        0  stm32f4xx_hal_rcc.o(i.HAL_RCC_ClockConfig)
    i.HAL_RCC_GetClockConfig                 0x08001480   Section        0  stm32f4xx_hal_rcc.o(i.HAL_RCC_GetClockConfig)
    i.HAL_RCC_GetPCLK1Freq                   0x080014c0   Section        0  stm32f4xx_hal_rcc.o(i.HAL_RCC_GetPCLK1Freq)
    i.HAL_RCC_GetPCLK2Freq                   0x080014e0   Section        0  stm32f4xx_hal_rcc.o(i.HAL_RCC_GetPCLK2Freq)
    i.HAL_RCC_GetSysClockFreq                0x08001500   Section        0  stm32f4xx_hal_rcc.o(i.HAL_RCC_GetSysClockFreq)
    i.HAL_RCC_OscConfig                      0x08001564   Section        0  stm32f4xx_hal_rcc.o(i.HAL_RCC_OscConfig)
    i.HAL_SPI_Init                           0x080018c0   Section        0  stm32f4xx_hal_spi.o(i.HAL_SPI_Init)
    i.HAL_SPI_MspInit                        0x08001940   Section        0  spi.o(i.HAL_SPI_MspInit)
    i.HAL_SPI_TransmitReceive                0x080019f0   Section        0  stm32f4xx_hal_spi.o(i.HAL_SPI_TransmitReceive)
    i.HAL_TIMEx_BreakCallback                0x08001bd2   Section        0  stm32f4xx_hal_tim_ex.o(i.HAL_TIMEx_BreakCallback)
    i.HAL_TIMEx_CommutCallback               0x08001bd4   Section        0  stm32f4xx_hal_tim_ex.o(i.HAL_TIMEx_CommutCallback)
    i.HAL_TIM_Base_Init                      0x08001bd6   Section        0  stm32f4xx_hal_tim.o(i.HAL_TIM_Base_Init)
    i.HAL_TIM_Base_MspInit                   0x08001c0c   Section        0  stm32f4xx_hal_tim.o(i.HAL_TIM_Base_MspInit)
    i.HAL_TIM_Base_Start_IT                  0x08001c0e   Section        0  stm32f4xx_hal_tim.o(i.HAL_TIM_Base_Start_IT)
    i.HAL_TIM_IC_CaptureCallback             0x08001c30   Section        0  stm32f4xx_hal_tim.o(i.HAL_TIM_IC_CaptureCallback)
    i.HAL_TIM_IRQHandler                     0x08001c32   Section        0  stm32f4xx_hal_tim.o(i.HAL_TIM_IRQHandler)
    i.HAL_TIM_OC_DelayElapsedCallback        0x08001d98   Section        0  stm32f4xx_hal_tim.o(i.HAL_TIM_OC_DelayElapsedCallback)
    i.HAL_TIM_PWM_PulseFinishedCallback      0x08001d9a   Section        0  stm32f4xx_hal_tim.o(i.HAL_TIM_PWM_PulseFinishedCallback)
    i.HAL_TIM_PeriodElapsedCallback          0x08001d9c   Section        0  main.o(i.HAL_TIM_PeriodElapsedCallback)
    i.HAL_TIM_TriggerCallback                0x08001db0   Section        0  stm32f4xx_hal_tim.o(i.HAL_TIM_TriggerCallback)
    i.HAL_UART_DMAStop                       0x08001db2   Section        0  stm32f4xx_hal_uart.o(i.HAL_UART_DMAStop)
    i.HAL_UART_ErrorCallback                 0x08001e0a   Section        0  stm32f4xx_hal_uart.o(i.HAL_UART_ErrorCallback)
    i.HAL_UART_IRQHandler                    0x08001e0c   Section        0  stm32f4xx_hal_uart.o(i.HAL_UART_IRQHandler)
    i.HAL_UART_Init                          0x08001f20   Section        0  stm32f4xx_hal_uart.o(i.HAL_UART_Init)
    i.HAL_UART_MspInit                       0x08001f84   Section        0  usart.o(i.HAL_UART_MspInit)
    i.HAL_UART_Receive_DMA                   0x0800209c   Section        0  stm32f4xx_hal_uart.o(i.HAL_UART_Receive_DMA)
    i.HAL_UART_RxCpltCallback                0x08002134   Section        0  stm32f4xx_hal_uart.o(i.HAL_UART_RxCpltCallback)
    i.HAL_UART_RxHalfCpltCallback            0x08002136   Section        0  stm32f4xx_hal_uart.o(i.HAL_UART_RxHalfCpltCallback)
    i.HAL_UART_Transmit                      0x08002138   Section        0  stm32f4xx_hal_uart.o(i.HAL_UART_Transmit)
    i.HAL_UART_TxCpltCallback                0x080021f2   Section        0  stm32f4xx_hal_uart.o(i.HAL_UART_TxCpltCallback)
    i.HardFault_Handler                      0x080021f4   Section        0  stm32f4xx_it.o(i.HardFault_Handler)
    i.JudgeStr                               0x080021f8   Section        0  as608.o(i.JudgeStr)
    JudgeStr                                 0x080021f9   Thumb Code   106  as608.o(i.JudgeStr)
    i.Line_1A_WT588S                         0x0800226c   Section        0  speak_hal.o(i.Line_1A_WT588S)
    i.M500PcdConfigISOType                   0x08002304   Section        0  rc522_app.o(i.M500PcdConfigISOType)
    i.MX_ADC1_Init                           0x0800235c   Section        0  adc.o(i.MX_ADC1_Init)
    i.MX_DMA_Init                            0x080023bc   Section        0  dma.o(i.MX_DMA_Init)
    i.MX_GPIO_Init                           0x080023e8   Section        0  gpio.o(i.MX_GPIO_Init)
    i.MX_SPI1_Init                           0x080024dc   Section        0  spi.o(i.MX_SPI1_Init)
    i.MX_SPI2_Init                           0x08002524   Section        0  spi.o(i.MX_SPI2_Init)
    i.MX_USART1_UART_Init                    0x0800256c   Section        0  usart.o(i.MX_USART1_UART_Init)
    i.MX_USART2_UART_Init                    0x080025a4   Section        0  usart.o(i.MX_USART2_UART_Init)
    i.MYUSART_SendData                       0x080025dc   Section        0  as608.o(i.MYUSART_SendData)
    MYUSART_SendData                         0x080025dd   Thumb Code    18  as608.o(i.MYUSART_SendData)
    i.MemManage_Handler                      0x080025f4   Section        0  stm32f4xx_it.o(i.MemManage_Handler)
    i.NMI_Handler                            0x080025f6   Section        0  stm32f4xx_it.o(i.NMI_Handler)
    i.PS_GenChar                             0x080025f8   Section        0  as608.o(i.PS_GenChar)
    i.PS_GetImage                            0x08002634   Section        0  as608.o(i.PS_GetImage)
    i.PS_HandShake                           0x08002668   Section        0  as608.o(i.PS_HandShake)
    i.PS_HighSpeedSearch                     0x080026d0   Section        0  as608.o(i.PS_HighSpeedSearch)
    i.PS_Match                               0x08002754   Section        0  as608.o(i.PS_Match)
    i.PS_ReadSysPara                         0x08002788   Section        0  as608.o(i.PS_ReadSysPara)
    i.PS_RegModel                            0x0800286c   Section        0  as608.o(i.PS_RegModel)
    i.PS_StoreChar                           0x080028a0   Section        0  as608.o(i.PS_StoreChar)
    i.PS_ValidTempleteNum                    0x080028f4   Section        0  as608.o(i.PS_ValidTempleteNum)
    i.PcdAntennaOff                          0x08002970   Section        0  rc522_app.o(i.PcdAntennaOff)
    i.PcdAntennaOn                           0x08002978   Section        0  rc522_app.o(i.PcdAntennaOn)
    i.PcdAnticoll                            0x08002992   Section        0  rc522_app.o(i.PcdAnticoll)
    i.PcdAuthState                           0x080029fc   Section        0  rc522_app.o(i.PcdAuthState)
    i.PcdComMF522                            0x08002a4e   Section        0  rc522_app.o(i.PcdComMF522)
    i.PcdHalt                                0x08002b64   Section        0  rc522_app.o(i.PcdHalt)
    i.PcdRead                                0x08002b96   Section        0  rc522_app.o(i.PcdRead)
    i.PcdRequest                             0x08002be0   Section        0  rc522_app.o(i.PcdRequest)
    i.PcdReset                               0x08002c30   Section        0  rc522_app.o(i.PcdReset)
    i.PcdSelect                              0x08002d70   Section        0  rc522_app.o(i.PcdSelect)
    i.PcdWrite                               0x08002dd2   Section        0  rc522_app.o(i.PcdWrite)
    i.PendSV_Handler                         0x08002e52   Section        0  stm32f4xx_it.o(i.PendSV_Handler)
    i.ReadRawRC                              0x08002e54   Section        0  rc522_app.o(i.ReadRawRC)
    i.SPI_EndRxTxTransaction                 0x08002e8c   Section        0  stm32f4xx_hal_spi.o(i.SPI_EndRxTxTransaction)
    SPI_EndRxTxTransaction                   0x08002e8d   Thumb Code    80  stm32f4xx_hal_spi.o(i.SPI_EndRxTxTransaction)
    i.SPI_ReadData                           0x08002ee4   Section        0  rc522_app.o(i.SPI_ReadData)
    i.SPI_WaitFlagStateUntilTimeout          0x08002f2c   Section        0  stm32f4xx_hal_spi.o(i.SPI_WaitFlagStateUntilTimeout)
    SPI_WaitFlagStateUntilTimeout            0x08002f2d   Thumb Code   148  stm32f4xx_hal_spi.o(i.SPI_WaitFlagStateUntilTimeout)
    i.SPI_WriteData                          0x08002fc0   Section        0  rc522_app.o(i.SPI_WriteData)
    i.SVC_Handler                            0x08002ff8   Section        0  stm32f4xx_it.o(i.SVC_Handler)
    i.SendAddr                               0x08002ffc   Section        0  as608.o(i.SendAddr)
    SendAddr                                 0x08002ffd   Thumb Code    42  as608.o(i.SendAddr)
    i.SendCheck                              0x0800302c   Section        0  as608.o(i.SendCheck)
    SendCheck                                0x0800302d   Thumb Code    20  as608.o(i.SendCheck)
    i.SendHead                               0x08003040   Section        0  as608.o(i.SendHead)
    SendHead                                 0x08003041   Thumb Code    18  as608.o(i.SendHead)
    i.SendLength                             0x08003052   Section        0  as608.o(i.SendLength)
    SendLength                               0x08003053   Thumb Code    22  as608.o(i.SendLength)
    i.SetBitMask                             0x08003068   Section        0  rc522_app.o(i.SetBitMask)
    i.ShowErrMessage                         0x08003080   Section        0  as608.o(i.ShowErrMessage)
    i.SysTick_Handler                        0x08003094   Section        0  stm32f4xx_it.o(i.SysTick_Handler)
    i.SystemClock_Config                     0x08003098   Section        0  main.o(i.SystemClock_Config)
    i.SystemInit                             0x0800311c   Section        0  system_stm32f4xx.o(i.SystemInit)
    i.TIM3_IRQHandler                        0x08003138   Section        0  stm32f4xx_it.o(i.TIM3_IRQHandler)
    i.TIM_Base_SetConfig                     0x08003144   Section        0  stm32f4xx_hal_tim.o(i.TIM_Base_SetConfig)
    i.UART_DMAAbortOnError                   0x080031dc   Section        0  stm32f4xx_hal_uart.o(i.UART_DMAAbortOnError)
    UART_DMAAbortOnError                     0x080031dd   Thumb Code    16  stm32f4xx_hal_uart.o(i.UART_DMAAbortOnError)
    i.UART_DMAError                          0x080031ec   Section        0  stm32f4xx_hal_uart.o(i.UART_DMAError)
    UART_DMAError                            0x080031ed   Thumb Code    74  stm32f4xx_hal_uart.o(i.UART_DMAError)
    i.UART_DMAReceiveCplt                    0x08003236   Section        0  stm32f4xx_hal_uart.o(i.UART_DMAReceiveCplt)
    UART_DMAReceiveCplt                      0x08003237   Thumb Code    60  stm32f4xx_hal_uart.o(i.UART_DMAReceiveCplt)
    i.UART_DMARxHalfCplt                     0x08003272   Section        0  stm32f4xx_hal_uart.o(i.UART_DMARxHalfCplt)
    UART_DMARxHalfCplt                       0x08003273   Thumb Code    10  stm32f4xx_hal_uart.o(i.UART_DMARxHalfCplt)
    i.UART_EndRxTransfer                     0x0800327c   Section        0  stm32f4xx_hal_uart.o(i.UART_EndRxTransfer)
    UART_EndRxTransfer                       0x0800327d   Thumb Code    28  stm32f4xx_hal_uart.o(i.UART_EndRxTransfer)
    i.UART_EndTxTransfer                     0x08003298   Section        0  stm32f4xx_hal_uart.o(i.UART_EndTxTransfer)
    UART_EndTxTransfer                       0x08003299   Thumb Code    18  stm32f4xx_hal_uart.o(i.UART_EndTxTransfer)
    i.UART_Receive_IT                        0x080032aa   Section        0  stm32f4xx_hal_uart.o(i.UART_Receive_IT)
    UART_Receive_IT                          0x080032ab   Thumb Code   150  stm32f4xx_hal_uart.o(i.UART_Receive_IT)
    i.UART_SetConfig                         0x08003340   Section        0  stm32f4xx_hal_uart.o(i.UART_SetConfig)
    UART_SetConfig                           0x08003341   Thumb Code   286  stm32f4xx_hal_uart.o(i.UART_SetConfig)
    i.UART_Transmit_IT                       0x08003468   Section        0  stm32f4xx_hal_uart.o(i.UART_Transmit_IT)
    UART_Transmit_IT                         0x08003469   Thumb Code    98  stm32f4xx_hal_uart.o(i.UART_Transmit_IT)
    i.UART_WaitOnFlagUntilTimeout            0x080034ca   Section        0  stm32f4xx_hal_uart.o(i.UART_WaitOnFlagUntilTimeout)
    UART_WaitOnFlagUntilTimeout              0x080034cb   Thumb Code   100  stm32f4xx_hal_uart.o(i.UART_WaitOnFlagUntilTimeout)
    i.USART1_IRQHandler                      0x08003530   Section        0  as608.o(i.USART1_IRQHandler)
    i.USART2_IRQHandler                      0x08003544   Section        0  stm32f4xx_it.o(i.USART2_IRQHandler)
    i.UsageFault_Handler                     0x08003550   Section        0  stm32f4xx_it.o(i.UsageFault_Handler)
    i.WriteRawRC                             0x08003554   Section        0  rc522_app.o(i.WriteRawRC)
    i.__0printf$8                            0x08003588   Section        0  printf8.o(i.__0printf$8)
    i.__NVIC_SetPriority                     0x080035a8   Section        0  stm32f4xx_hal_cortex.o(i.__NVIC_SetPriority)
    __NVIC_SetPriority                       0x080035a9   Thumb Code    32  stm32f4xx_hal_cortex.o(i.__NVIC_SetPriority)
    i.__scatterload_copy                     0x080035c8   Section       14  handlers.o(i.__scatterload_copy)
    i.__scatterload_null                     0x080035d6   Section        2  handlers.o(i.__scatterload_null)
    i.__scatterload_zeroinit                 0x080035d8   Section       14  handlers.o(i.__scatterload_zeroinit)
    i._printf_core                           0x080035e8   Section        0  printf8.o(i._printf_core)
    _printf_core                             0x080035e9   Thumb Code   984  printf8.o(i._printf_core)
    i._printf_post_padding                   0x080039ec   Section        0  printf8.o(i._printf_post_padding)
    _printf_post_padding                     0x080039ed   Thumb Code    36  printf8.o(i._printf_post_padding)
    i._printf_pre_padding                    0x08003a10   Section        0  printf8.o(i._printf_pre_padding)
    _printf_pre_padding                      0x08003a11   Thumb Code    46  printf8.o(i._printf_pre_padding)
    i.app_task_run                           0x08003a40   Section        0  app_task.o(i.app_task_run)
    i.delay_2us                              0x08003ae8   Section        0  speak_hal.o(i.delay_2us)
    i.device                                 0x08003b0c   Section        0  app_task.o(i.device)
    i.fputc                                  0x08003c1c   Section        0  debug_usart_hal.o(i.fputc)
    i.main                                   0x08003c34   Section        0  main.o(i.main)
    i.press_FR                               0x08003cd8   Section        0  as608_app.o(i.press_FR)
    i.rc522_find_card                        0x08003db0   Section        0  rc522_app.o(i.rc522_find_card)
    i.test_rc522_init                        0x08003f10   Section        0  rc522_app.o(i.test_rc522_init)
    .constdata                               0x08003f28   Section        8  stm32f4xx_hal_dma.o(.constdata)
    flagBitshiftOffset                       0x08003f28   Data           8  stm32f4xx_hal_dma.o(.constdata)
    .constdata                               0x08003f30   Section       16  system_stm32f4xx.o(.constdata)
    .constdata                               0x08003f40   Section        8  system_stm32f4xx.o(.constdata)
    .conststring                             0x08003f48   Section       71  app_task.o(.conststring)
    .data                                    0x20000000   Section       12  stm32f4xx_hal.o(.data)
    .data                                    0x2000000c   Section        4  system_stm32f4xx.o(.data)
    .data                                    0x20000010   Section        8  app_task.o(.data)
    run_app_state                            0x20000011   Data           1  app_task.o(.data)
    .data                                    0x20000018   Section        4  as608.o(.data)
    .data                                    0x2000001c   Section        4  as608_app.o(.data)
    text_zhiwen                              0x2000001d   Data           1  as608_app.o(.data)
    .data                                    0x20000020   Section       29  rc522_app.o(.data)
    .data                                    0x20000040   Section        4  stdout.o(.data)
    .bss                                     0x20000044   Section       72  adc.o(.bss)
    .bss                                     0x2000008c   Section      176  spi.o(.bss)
    .bss                                     0x2000013c   Section      320  usart.o(.bss)
    .bss                                     0x2000027c   Section       64  stm32f4xx_hal_timebase_tim.o(.bss)
    .bss                                     0x200002bc   Section     6152  as608.o(.bss)
    .bss                                     0x20001ac4   Section       12  as608_app.o(.bss)
    .bss                                     0x20001ad0   Section       16  rc522_app.o(.bss)
    STACK                                    0x20001ae0   Section     1024  startup_stm32f411xe.o(STACK)

    Global Symbols

    Symbol Name                              Value     Ov Type        Size  Object(Section)

    BuildAttributes$$THM_ISAv4$E$P$D$K$B$S$7EM$VFPi3$EXTD16$VFPS$VFMA$PE$A:L22UL41UL21$X:L11$S22US41US21$IEEE1$IW$USESV6$~STKCKD$USESV7$~SHL$OTIME$ROPI$EBA8$MICROLIB$REQ8$PRES8$EABIv2 0x00000000   Number         0  anon$$obj.o ABSOLUTE
    __ARM_use_no_argv                        0x00000000   Number         0  main.o ABSOLUTE
    _printf_a                                0x00000000   Number         0  stubs.o ABSOLUTE
    _printf_c                                0x00000000   Number         0  stubs.o ABSOLUTE
    _printf_charcount                        0x00000000   Number         0  stubs.o ABSOLUTE
    _printf_d                                0x00000000   Number         0  stubs.o ABSOLUTE
    _printf_e                                0x00000000   Number         0  stubs.o ABSOLUTE
    _printf_f                                0x00000000   Number         0  stubs.o ABSOLUTE
    _printf_flags                            0x00000000   Number         0  stubs.o ABSOLUTE
    _printf_fp_dec                           0x00000000   Number         0  stubs.o ABSOLUTE
    _printf_fp_hex                           0x00000000   Number         0  stubs.o ABSOLUTE
    _printf_g                                0x00000000   Number         0  stubs.o ABSOLUTE
    _printf_i                                0x00000000   Number         0  stubs.o ABSOLUTE
    _printf_int_dec                          0x00000000   Number         0  stubs.o ABSOLUTE
    _printf_l                                0x00000000   Number         0  stubs.o ABSOLUTE
    _printf_lc                               0x00000000   Number         0  stubs.o ABSOLUTE
    _printf_ll                               0x00000000   Number         0  stubs.o ABSOLUTE
    _printf_lld                              0x00000000   Number         0  stubs.o ABSOLUTE
    _printf_lli                              0x00000000   Number         0  stubs.o ABSOLUTE
    _printf_llo                              0x00000000   Number         0  stubs.o ABSOLUTE
    _printf_llu                              0x00000000   Number         0  stubs.o ABSOLUTE
    _printf_llx                              0x00000000   Number         0  stubs.o ABSOLUTE
    _printf_longlong_dec                     0x00000000   Number         0  stubs.o ABSOLUTE
    _printf_longlong_hex                     0x00000000   Number         0  stubs.o ABSOLUTE
    _printf_longlong_oct                     0x00000000   Number         0  stubs.o ABSOLUTE
    _printf_ls                               0x00000000   Number         0  stubs.o ABSOLUTE
    _printf_mbtowc                           0x00000000   Number         0  stubs.o ABSOLUTE
    _printf_n                                0x00000000   Number         0  stubs.o ABSOLUTE
    _printf_o                                0x00000000   Number         0  stubs.o ABSOLUTE
    _printf_p                                0x00000000   Number         0  stubs.o ABSOLUTE
    _printf_percent                          0x00000000   Number         0  stubs.o ABSOLUTE
    _printf_pre_padding                      0x00000000   Number         0  stubs.o ABSOLUTE
    _printf_return_value                     0x00000000   Number         0  stubs.o ABSOLUTE
    _printf_s                                0x00000000   Number         0  stubs.o ABSOLUTE
    _printf_sizespec                         0x00000000   Number         0  stubs.o ABSOLUTE
    _printf_str                              0x00000000   Number         0  stubs.o ABSOLUTE
    _printf_truncate_signed                  0x00000000   Number         0  stubs.o ABSOLUTE
    _printf_truncate_unsigned                0x00000000   Number         0  stubs.o ABSOLUTE
    _printf_u                                0x00000000   Number         0  stubs.o ABSOLUTE
    _printf_wc                               0x00000000   Number         0  stubs.o ABSOLUTE
    _printf_wctomb                           0x00000000   Number         0  stubs.o ABSOLUTE
    _printf_widthprec                        0x00000000   Number         0  stubs.o ABSOLUTE
    _printf_x                                0x00000000   Number         0  stubs.o ABSOLUTE
    __arm_fini_                               - Undefined Weak Reference
    __cpp_initialize__aeabi_                  - Undefined Weak Reference
    __cxa_finalize                            - Undefined Weak Reference
    __decompress                              - Undefined Weak Reference
    _clock_init                               - Undefined Weak Reference
    _microlib_exit                            - Undefined Weak Reference
    __Vectors_Size                           0x00000198   Number         0  startup_stm32f411xe.o ABSOLUTE
    __Vectors                                0x08000000   Data           4  startup_stm32f411xe.o(RESET)
    __Vectors_End                            0x08000198   Data           0  startup_stm32f411xe.o(RESET)
    __main                                   0x08000199   Thumb Code     0  entry.o(.ARM.Collect$$$$00000000)
    _main_stk                                0x08000199   Thumb Code     0  entry2.o(.ARM.Collect$$$$00000001)
    _main_scatterload                        0x0800019d   Thumb Code     0  entry5.o(.ARM.Collect$$$$00000004)
    __main_after_scatterload                 0x080001a1   Thumb Code     0  entry5.o(.ARM.Collect$$$$00000004)
    _main_clock                              0x080001a1   Thumb Code     0  entry7b.o(.ARM.Collect$$$$00000008)
    _main_cpp_init                           0x080001a1   Thumb Code     0  entry8b.o(.ARM.Collect$$$$0000000A)
    _main_init                               0x080001a1   Thumb Code     0  entry9a.o(.ARM.Collect$$$$0000000B)
    __rt_lib_shutdown_fini                   0x080001a9   Thumb Code     0  entry12b.o(.ARM.Collect$$$$0000000E)
    __rt_final_cpp                           0x080001ad   Thumb Code     0  entry10a.o(.ARM.Collect$$$$0000000F)
    __rt_final_exit                          0x080001ad   Thumb Code     0  entry11a.o(.ARM.Collect$$$$00000011)
    Reset_Handler                            0x080001b1   Thumb Code     8  startup_stm32f411xe.o(.text)
    ADC_IRQHandler                           0x080001cb   Thumb Code     0  startup_stm32f411xe.o(.text)
    DMA1_Stream0_IRQHandler                  0x080001cb   Thumb Code     0  startup_stm32f411xe.o(.text)
    DMA1_Stream1_IRQHandler                  0x080001cb   Thumb Code     0  startup_stm32f411xe.o(.text)
    DMA1_Stream2_IRQHandler                  0x080001cb   Thumb Code     0  startup_stm32f411xe.o(.text)
    DMA1_Stream3_IRQHandler                  0x080001cb   Thumb Code     0  startup_stm32f411xe.o(.text)
    DMA1_Stream4_IRQHandler                  0x080001cb   Thumb Code     0  startup_stm32f411xe.o(.text)
    DMA1_Stream6_IRQHandler                  0x080001cb   Thumb Code     0  startup_stm32f411xe.o(.text)
    DMA1_Stream7_IRQHandler                  0x080001cb   Thumb Code     0  startup_stm32f411xe.o(.text)
    DMA2_Stream0_IRQHandler                  0x080001cb   Thumb Code     0  startup_stm32f411xe.o(.text)
    DMA2_Stream1_IRQHandler                  0x080001cb   Thumb Code     0  startup_stm32f411xe.o(.text)
    DMA2_Stream3_IRQHandler                  0x080001cb   Thumb Code     0  startup_stm32f411xe.o(.text)
    DMA2_Stream4_IRQHandler                  0x080001cb   Thumb Code     0  startup_stm32f411xe.o(.text)
    DMA2_Stream5_IRQHandler                  0x080001cb   Thumb Code     0  startup_stm32f411xe.o(.text)
    DMA2_Stream6_IRQHandler                  0x080001cb   Thumb Code     0  startup_stm32f411xe.o(.text)
    DMA2_Stream7_IRQHandler                  0x080001cb   Thumb Code     0  startup_stm32f411xe.o(.text)
    EXTI15_10_IRQHandler                     0x080001cb   Thumb Code     0  startup_stm32f411xe.o(.text)
    EXTI1_IRQHandler                         0x080001cb   Thumb Code     0  startup_stm32f411xe.o(.text)
    EXTI2_IRQHandler                         0x080001cb   Thumb Code     0  startup_stm32f411xe.o(.text)
    EXTI3_IRQHandler                         0x080001cb   Thumb Code     0  startup_stm32f411xe.o(.text)
    EXTI4_IRQHandler                         0x080001cb   Thumb Code     0  startup_stm32f411xe.o(.text)
    EXTI9_5_IRQHandler                       0x080001cb   Thumb Code     0  startup_stm32f411xe.o(.text)
    FLASH_IRQHandler                         0x080001cb   Thumb Code     0  startup_stm32f411xe.o(.text)
    FPU_IRQHandler                           0x080001cb   Thumb Code     0  startup_stm32f411xe.o(.text)
    I2C1_ER_IRQHandler                       0x080001cb   Thumb Code     0  startup_stm32f411xe.o(.text)
    I2C1_EV_IRQHandler                       0x080001cb   Thumb Code     0  startup_stm32f411xe.o(.text)
    I2C2_ER_IRQHandler                       0x080001cb   Thumb Code     0  startup_stm32f411xe.o(.text)
    I2C2_EV_IRQHandler                       0x080001cb   Thumb Code     0  startup_stm32f411xe.o(.text)
    I2C3_ER_IRQHandler                       0x080001cb   Thumb Code     0  startup_stm32f411xe.o(.text)
    I2C3_EV_IRQHandler                       0x080001cb   Thumb Code     0  startup_stm32f411xe.o(.text)
    OTG_FS_IRQHandler                        0x080001cb   Thumb Code     0  startup_stm32f411xe.o(.text)
    OTG_FS_WKUP_IRQHandler                   0x080001cb   Thumb Code     0  startup_stm32f411xe.o(.text)
    PVD_IRQHandler                           0x080001cb   Thumb Code     0  startup_stm32f411xe.o(.text)
    RCC_IRQHandler                           0x080001cb   Thumb Code     0  startup_stm32f411xe.o(.text)
    RTC_Alarm_IRQHandler                     0x080001cb   Thumb Code     0  startup_stm32f411xe.o(.text)
    RTC_WKUP_IRQHandler                      0x080001cb   Thumb Code     0  startup_stm32f411xe.o(.text)
    SDIO_IRQHandler                          0x080001cb   Thumb Code     0  startup_stm32f411xe.o(.text)
    SPI1_IRQHandler                          0x080001cb   Thumb Code     0  startup_stm32f411xe.o(.text)
    SPI2_IRQHandler                          0x080001cb   Thumb Code     0  startup_stm32f411xe.o(.text)
    SPI3_IRQHandler                          0x080001cb   Thumb Code     0  startup_stm32f411xe.o(.text)
    SPI4_IRQHandler                          0x080001cb   Thumb Code     0  startup_stm32f411xe.o(.text)
    SPI5_IRQHandler                          0x080001cb   Thumb Code     0  startup_stm32f411xe.o(.text)
    TAMP_STAMP_IRQHandler                    0x080001cb   Thumb Code     0  startup_stm32f411xe.o(.text)
    TIM1_BRK_TIM9_IRQHandler                 0x080001cb   Thumb Code     0  startup_stm32f411xe.o(.text)
    TIM1_CC_IRQHandler                       0x080001cb   Thumb Code     0  startup_stm32f411xe.o(.text)
    TIM1_TRG_COM_TIM11_IRQHandler            0x080001cb   Thumb Code     0  startup_stm32f411xe.o(.text)
    TIM1_UP_TIM10_IRQHandler                 0x080001cb   Thumb Code     0  startup_stm32f411xe.o(.text)
    TIM2_IRQHandler                          0x080001cb   Thumb Code     0  startup_stm32f411xe.o(.text)
    TIM4_IRQHandler                          0x080001cb   Thumb Code     0  startup_stm32f411xe.o(.text)
    TIM5_IRQHandler                          0x080001cb   Thumb Code     0  startup_stm32f411xe.o(.text)
    USART6_IRQHandler                        0x080001cb   Thumb Code     0  startup_stm32f411xe.o(.text)
    WWDG_IRQHandler                          0x080001cb   Thumb Code     0  startup_stm32f411xe.o(.text)
    __aeabi_uldivmod                         0x080001d5   Thumb Code    98  uldiv.o(.text)
    __aeabi_memset                           0x08000237   Thumb Code    14  memseta.o(.text)
    __aeabi_memset4                          0x08000237   Thumb Code     0  memseta.o(.text)
    __aeabi_memset8                          0x08000237   Thumb Code     0  memseta.o(.text)
    __aeabi_memclr                           0x08000245   Thumb Code     4  memseta.o(.text)
    __aeabi_memclr4                          0x08000245   Thumb Code     0  memseta.o(.text)
    __aeabi_memclr8                          0x08000245   Thumb Code     0  memseta.o(.text)
    _memset$wrapper                          0x08000249   Thumb Code    18  memseta.o(.text)
    strstr                                   0x0800025b   Thumb Code    36  strstr.o(.text)
    __aeabi_llsl                             0x0800027f   Thumb Code    30  llshl.o(.text)
    _ll_shift_l                              0x0800027f   Thumb Code     0  llshl.o(.text)
    __aeabi_llsr                             0x0800029d   Thumb Code    32  llushr.o(.text)
    _ll_ushift_r                             0x0800029d   Thumb Code     0  llushr.o(.text)
    __scatterload                            0x080002bd   Thumb Code    28  init.o(.text)
    __scatterload_rt2                        0x080002bd   Thumb Code     0  init.o(.text)
    Add_FR                                   0x08000409   Thumb Code   336  as608_app.o(i.Add_FR)
    BusFault_Handler                         0x08000645   Thumb Code     2  stm32f4xx_it.o(i.BusFault_Handler)
    CalulateCRC                              0x08000647   Thumb Code   102  rc522_app.o(i.CalulateCRC)
    ClearBitMask                             0x080006ad   Thumb Code    24  rc522_app.o(i.ClearBitMask)
    DMA1_Stream5_IRQHandler                  0x080006c5   Thumb Code     6  stm32f4xx_it.o(i.DMA1_Stream5_IRQHandler)
    DMA2_Stream2_IRQHandler                  0x080006d1   Thumb Code     6  stm32f4xx_it.o(i.DMA2_Stream2_IRQHandler)
    DebugMon_Handler                         0x08000781   Thumb Code     2  stm32f4xx_it.o(i.DebugMon_Handler)
    ETH_DMA_START                            0x08000785   Thumb Code    26  as608.o(i.ETH_DMA_START)
    ETH_UsartReceive_IDLE                    0x080007a9   Thumb Code    62  as608.o(i.ETH_UsartReceive_IDLE)
    EXTI0_IRQHandler                         0x080007f1   Thumb Code     6  stm32f4xx_it.o(i.EXTI0_IRQHandler)
    EnsureMessage                            0x080007f9   Thumb Code   130  as608.o(i.EnsureMessage)
    Error_Handler                            0x08000a3d   Thumb Code     2  main.o(i.Error_Handler)
    HAL_ADC_ConfigChannel                    0x08000a41   Thumb Code   334  stm32f4xx_hal_adc.o(i.HAL_ADC_ConfigChannel)
    HAL_ADC_Init                             0x08000ba5   Thumb Code    84  stm32f4xx_hal_adc.o(i.HAL_ADC_Init)
    HAL_ADC_MspInit                          0x08000bf9   Thumb Code    84  adc.o(i.HAL_ADC_MspInit)
    HAL_DMA_Abort                            0x08000c59   Thumb Code   142  stm32f4xx_hal_dma.o(i.HAL_DMA_Abort)
    HAL_DMA_Abort_IT                         0x08000ce7   Thumb Code    36  stm32f4xx_hal_dma.o(i.HAL_DMA_Abort_IT)
    HAL_DMA_IRQHandler                       0x08000d0d   Thumb Code   412  stm32f4xx_hal_dma.o(i.HAL_DMA_IRQHandler)
    HAL_DMA_Init                             0x08000ead   Thumb Code   206  stm32f4xx_hal_dma.o(i.HAL_DMA_Init)
    HAL_DMA_Start_IT                         0x08000f81   Thumb Code   110  stm32f4xx_hal_dma.o(i.HAL_DMA_Start_IT)
    HAL_Delay                                0x08000ff1   Thumb Code    32  stm32f4xx_hal.o(i.HAL_Delay)
    HAL_GPIO_EXTI_Callback                   0x08001015   Thumb Code     2  stm32f4xx_hal_gpio.o(i.HAL_GPIO_EXTI_Callback)
    HAL_GPIO_EXTI_IRQHandler                 0x08001019   Thumb Code    18  stm32f4xx_hal_gpio.o(i.HAL_GPIO_EXTI_IRQHandler)
    HAL_GPIO_Init                            0x08001031   Thumb Code   370  stm32f4xx_hal_gpio.o(i.HAL_GPIO_Init)
    HAL_GPIO_ReadPin                         0x080011c5   Thumb Code    10  stm32f4xx_hal_gpio.o(i.HAL_GPIO_ReadPin)
    HAL_GPIO_WritePin                        0x080011cf   Thumb Code    10  stm32f4xx_hal_gpio.o(i.HAL_GPIO_WritePin)
    HAL_GetTick                              0x080011d9   Thumb Code     6  stm32f4xx_hal.o(i.HAL_GetTick)
    HAL_IncTick                              0x080011e5   Thumb Code    12  stm32f4xx_hal.o(i.HAL_IncTick)
    HAL_Init                                 0x080011f5   Thumb Code    48  stm32f4xx_hal.o(i.HAL_Init)
    HAL_InitTick                             0x08001229   Thumb Code   100  stm32f4xx_hal_timebase_tim.o(i.HAL_InitTick)
    HAL_MspInit                              0x0800129d   Thumb Code    42  stm32f4xx_hal_msp.o(i.HAL_MspInit)
    HAL_NVIC_EnableIRQ                       0x080012cd   Thumb Code    26  stm32f4xx_hal_cortex.o(i.HAL_NVIC_EnableIRQ)
    HAL_NVIC_SetPriority                     0x080012e9   Thumb Code    60  stm32f4xx_hal_cortex.o(i.HAL_NVIC_SetPriority)
    HAL_NVIC_SetPriorityGrouping             0x08001329   Thumb Code    26  stm32f4xx_hal_cortex.o(i.HAL_NVIC_SetPriorityGrouping)
    HAL_RCC_ClockConfig                      0x0800134d   Thumb Code   288  stm32f4xx_hal_rcc.o(i.HAL_RCC_ClockConfig)
    HAL_RCC_GetClockConfig                   0x08001481   Thumb Code    54  stm32f4xx_hal_rcc.o(i.HAL_RCC_GetClockConfig)
    HAL_RCC_GetPCLK1Freq                     0x080014c1   Thumb Code    20  stm32f4xx_hal_rcc.o(i.HAL_RCC_GetPCLK1Freq)
    HAL_RCC_GetPCLK2Freq                     0x080014e1   Thumb Code    20  stm32f4xx_hal_rcc.o(i.HAL_RCC_GetPCLK2Freq)
    HAL_RCC_GetSysClockFreq                  0x08001501   Thumb Code    88  stm32f4xx_hal_rcc.o(i.HAL_RCC_GetSysClockFreq)
    HAL_RCC_OscConfig                        0x08001565   Thumb Code   840  stm32f4xx_hal_rcc.o(i.HAL_RCC_OscConfig)
    HAL_SPI_Init                             0x080018c1   Thumb Code   128  stm32f4xx_hal_spi.o(i.HAL_SPI_Init)
    HAL_SPI_MspInit                          0x08001941   Thumb Code   154  spi.o(i.HAL_SPI_MspInit)
    HAL_SPI_TransmitReceive                  0x080019f1   Thumb Code   482  stm32f4xx_hal_spi.o(i.HAL_SPI_TransmitReceive)
    HAL_TIMEx_BreakCallback                  0x08001bd3   Thumb Code     2  stm32f4xx_hal_tim_ex.o(i.HAL_TIMEx_BreakCallback)
    HAL_TIMEx_CommutCallback                 0x08001bd5   Thumb Code     2  stm32f4xx_hal_tim_ex.o(i.HAL_TIMEx_CommutCallback)
    HAL_TIM_Base_Init                        0x08001bd7   Thumb Code    54  stm32f4xx_hal_tim.o(i.HAL_TIM_Base_Init)
    HAL_TIM_Base_MspInit                     0x08001c0d   Thumb Code     2  stm32f4xx_hal_tim.o(i.HAL_TIM_Base_MspInit)
    HAL_TIM_Base_Start_IT                    0x08001c0f   Thumb Code    34  stm32f4xx_hal_tim.o(i.HAL_TIM_Base_Start_IT)
    HAL_TIM_IC_CaptureCallback               0x08001c31   Thumb Code     2  stm32f4xx_hal_tim.o(i.HAL_TIM_IC_CaptureCallback)
    HAL_TIM_IRQHandler                       0x08001c33   Thumb Code   358  stm32f4xx_hal_tim.o(i.HAL_TIM_IRQHandler)
    HAL_TIM_OC_DelayElapsedCallback          0x08001d99   Thumb Code     2  stm32f4xx_hal_tim.o(i.HAL_TIM_OC_DelayElapsedCallback)
    HAL_TIM_PWM_PulseFinishedCallback        0x08001d9b   Thumb Code     2  stm32f4xx_hal_tim.o(i.HAL_TIM_PWM_PulseFinishedCallback)
    HAL_TIM_PeriodElapsedCallback            0x08001d9d   Thumb Code    14  main.o(i.HAL_TIM_PeriodElapsedCallback)
    HAL_TIM_TriggerCallback                  0x08001db1   Thumb Code     2  stm32f4xx_hal_tim.o(i.HAL_TIM_TriggerCallback)
    HAL_UART_DMAStop                         0x08001db3   Thumb Code    88  stm32f4xx_hal_uart.o(i.HAL_UART_DMAStop)
    HAL_UART_ErrorCallback                   0x08001e0b   Thumb Code     2  stm32f4xx_hal_uart.o(i.HAL_UART_ErrorCallback)
    HAL_UART_IRQHandler                      0x08001e0d   Thumb Code   270  stm32f4xx_hal_uart.o(i.HAL_UART_IRQHandler)
    HAL_UART_Init                            0x08001f21   Thumb Code    98  stm32f4xx_hal_uart.o(i.HAL_UART_Init)
    HAL_UART_MspInit                         0x08001f85   Thumb Code   250  usart.o(i.HAL_UART_MspInit)
    HAL_UART_Receive_DMA                     0x0800209d   Thumb Code   138  stm32f4xx_hal_uart.o(i.HAL_UART_Receive_DMA)
    HAL_UART_RxCpltCallback                  0x08002135   Thumb Code     2  stm32f4xx_hal_uart.o(i.HAL_UART_RxCpltCallback)
    HAL_UART_RxHalfCpltCallback              0x08002137   Thumb Code     2  stm32f4xx_hal_uart.o(i.HAL_UART_RxHalfCpltCallback)
    HAL_UART_Transmit                        0x08002139   Thumb Code   186  stm32f4xx_hal_uart.o(i.HAL_UART_Transmit)
    HAL_UART_TxCpltCallback                  0x080021f3   Thumb Code     2  stm32f4xx_hal_uart.o(i.HAL_UART_TxCpltCallback)
    HardFault_Handler                        0x080021f5   Thumb Code     2  stm32f4xx_it.o(i.HardFault_Handler)
    Line_1A_WT588S                           0x0800226d   Thumb Code   146  speak_hal.o(i.Line_1A_WT588S)
    M500PcdConfigISOType                     0x08002305   Thumb Code    88  rc522_app.o(i.M500PcdConfigISOType)
    MX_ADC1_Init                             0x0800235d   Thumb Code    82  adc.o(i.MX_ADC1_Init)
    MX_DMA_Init                              0x080023bd   Thumb Code    38  dma.o(i.MX_DMA_Init)
    MX_GPIO_Init                             0x080023e9   Thumb Code   222  gpio.o(i.MX_GPIO_Init)
    MX_SPI1_Init                             0x080024dd   Thumb Code    62  spi.o(i.MX_SPI1_Init)
    MX_SPI2_Init                             0x08002525   Thumb Code    62  spi.o(i.MX_SPI2_Init)
    MX_USART1_UART_Init                      0x0800256d   Thumb Code    48  usart.o(i.MX_USART1_UART_Init)
    MX_USART2_UART_Init                      0x080025a5   Thumb Code    48  usart.o(i.MX_USART2_UART_Init)
    MemManage_Handler                        0x080025f5   Thumb Code     2  stm32f4xx_it.o(i.MemManage_Handler)
    NMI_Handler                              0x080025f7   Thumb Code     2  stm32f4xx_it.o(i.NMI_Handler)
    PS_GenChar                               0x080025f9   Thumb Code    60  as608.o(i.PS_GenChar)
    PS_GetImage                              0x08002635   Thumb Code    52  as608.o(i.PS_GetImage)
    PS_HandShake                             0x08002669   Thumb Code    98  as608.o(i.PS_HandShake)
    PS_HighSpeedSearch                       0x080026d1   Thumb Code   132  as608.o(i.PS_HighSpeedSearch)
    PS_Match                                 0x08002755   Thumb Code    52  as608.o(i.PS_Match)
    PS_ReadSysPara                           0x08002789   Thumb Code   156  as608.o(i.PS_ReadSysPara)
    PS_RegModel                              0x0800286d   Thumb Code    52  as608.o(i.PS_RegModel)
    PS_StoreChar                             0x080028a1   Thumb Code    82  as608.o(i.PS_StoreChar)
    PS_ValidTempleteNum                      0x080028f5   Thumb Code    96  as608.o(i.PS_ValidTempleteNum)
    PcdAntennaOff                            0x08002971   Thumb Code     8  rc522_app.o(i.PcdAntennaOff)
    PcdAntennaOn                             0x08002979   Thumb Code    26  rc522_app.o(i.PcdAntennaOn)
    PcdAnticoll                              0x08002993   Thumb Code   106  rc522_app.o(i.PcdAnticoll)
    PcdAuthState                             0x080029fd   Thumb Code    82  rc522_app.o(i.PcdAuthState)
    PcdComMF522                              0x08002a4f   Thumb Code   278  rc522_app.o(i.PcdComMF522)
    PcdHalt                                  0x08002b65   Thumb Code    50  rc522_app.o(i.PcdHalt)
    PcdRead                                  0x08002b97   Thumb Code    74  rc522_app.o(i.PcdRead)
    PcdRequest                               0x08002be1   Thumb Code    80  rc522_app.o(i.PcdRequest)
    PcdReset                                 0x08002c31   Thumb Code   218  rc522_app.o(i.PcdReset)
    PcdSelect                                0x08002d71   Thumb Code    98  rc522_app.o(i.PcdSelect)
    PcdWrite                                 0x08002dd3   Thumb Code   128  rc522_app.o(i.PcdWrite)
    PendSV_Handler                           0x08002e53   Thumb Code     2  stm32f4xx_it.o(i.PendSV_Handler)
    ReadRawRC                                0x08002e55   Thumb Code    50  rc522_app.o(i.ReadRawRC)
    SPI_ReadData                             0x08002ee5   Thumb Code    42  rc522_app.o(i.SPI_ReadData)
    SPI_WriteData                            0x08002fc1   Thumb Code    34  rc522_app.o(i.SPI_WriteData)
    SVC_Handler                              0x08002ff9   Thumb Code     2  stm32f4xx_it.o(i.SVC_Handler)
    SetBitMask                               0x08003069   Thumb Code    24  rc522_app.o(i.SetBitMask)
    ShowErrMessage                           0x08003081   Thumb Code     8  as608.o(i.ShowErrMessage)
    SysTick_Handler                          0x08003095   Thumb Code     2  stm32f4xx_it.o(i.SysTick_Handler)
    SystemClock_Config                       0x08003099   Thumb Code   122  main.o(i.SystemClock_Config)
    SystemInit                               0x0800311d   Thumb Code    22  system_stm32f4xx.o(i.SystemInit)
    TIM3_IRQHandler                          0x08003139   Thumb Code     6  stm32f4xx_it.o(i.TIM3_IRQHandler)
    TIM_Base_SetConfig                       0x08003145   Thumb Code   122  stm32f4xx_hal_tim.o(i.TIM_Base_SetConfig)
    USART1_IRQHandler                        0x08003531   Thumb Code    16  as608.o(i.USART1_IRQHandler)
    USART2_IRQHandler                        0x08003545   Thumb Code     6  stm32f4xx_it.o(i.USART2_IRQHandler)
    UsageFault_Handler                       0x08003551   Thumb Code     2  stm32f4xx_it.o(i.UsageFault_Handler)
    WriteRawRC                               0x08003555   Thumb Code    48  rc522_app.o(i.WriteRawRC)
    __0printf$8                              0x08003589   Thumb Code    22  printf8.o(i.__0printf$8)
    __1printf$8                              0x08003589   Thumb Code     0  printf8.o(i.__0printf$8)
    __2printf                                0x08003589   Thumb Code     0  printf8.o(i.__0printf$8)
    __scatterload_copy                       0x080035c9   Thumb Code    14  handlers.o(i.__scatterload_copy)
    __scatterload_null                       0x080035d7   Thumb Code     2  handlers.o(i.__scatterload_null)
    __scatterload_zeroinit                   0x080035d9   Thumb Code    14  handlers.o(i.__scatterload_zeroinit)
    app_task_run                             0x08003a41   Thumb Code   128  app_task.o(i.app_task_run)
    delay_2us                                0x08003ae9   Thumb Code    34  speak_hal.o(i.delay_2us)
    device                                   0x08003b0d   Thumb Code   144  app_task.o(i.device)
    fputc                                    0x08003c1d   Thumb Code    20  debug_usart_hal.o(i.fputc)
    main                                     0x08003c35   Thumb Code   134  main.o(i.main)
    press_FR                                 0x08003cd9   Thumb Code   116  as608_app.o(i.press_FR)
    rc522_find_card                          0x08003db1   Thumb Code   218  rc522_app.o(i.rc522_find_card)
    test_rc522_init                          0x08003f11   Thumb Code    24  rc522_app.o(i.test_rc522_init)
    AHBPrescTable                            0x08003f30   Data          16  system_stm32f4xx.o(.constdata)
    APBPrescTable                            0x08003f40   Data           8  system_stm32f4xx.o(.constdata)
    Region$$Table$$Base                      0x08003f90   Number         0  anon$$obj.o(Region$$Table)
    Region$$Table$$Limit                     0x08003fb0   Number         0  anon$$obj.o(Region$$Table)
    uwTickFreq                               0x20000000   Data           1  stm32f4xx_hal.o(.data)
    uwTickPrio                               0x20000004   Data           4  stm32f4xx_hal.o(.data)
    uwTick                                   0x20000008   Data           4  stm32f4xx_hal.o(.data)
    SystemCoreClock                          0x2000000c   Data           4  system_stm32f4xx.o(.data)
    ensure                                   0x20000010   Data           1  app_task.o(.data)
    card_test                                0x20000012   Data           6  app_task.o(.data)
    AS608Addr                                0x20000018   Data           4  as608.o(.data)
    speak_voe                                0x2000001c   Data           1  as608_app.o(.data)
    ValidN                                   0x2000001e   Data           2  as608_app.o(.data)
    snr                                      0x20000020   Data           1  rc522_app.o(.data)
    TagType                                  0x20000021   Data           2  rc522_app.o(.data)
    SelectedSnr                              0x20000023   Data           4  rc522_app.o(.data)
    DefaultKey                               0x20000027   Data           6  rc522_app.o(.data)
    RFID1                                    0x2000002d   Data          16  rc522_app.o(.data)
    __stdout                                 0x20000040   Data           4  stdout.o(.data)
    hadc1                                    0x20000044   Data          72  adc.o(.bss)
    hspi1                                    0x2000008c   Data          88  spi.o(.bss)
    hspi2                                    0x200000e4   Data          88  spi.o(.bss)
    huart1                                   0x2000013c   Data          64  usart.o(.bss)
    huart2                                   0x2000017c   Data          64  usart.o(.bss)
    hdma_usart1_rx                           0x200001bc   Data          96  usart.o(.bss)
    hdma_usart2_rx                           0x2000021c   Data          96  usart.o(.bss)
    htim3                                    0x2000027c   Data          64  stm32f4xx_hal_timebase_tim.o(.bss)
    ether_st                                 0x200002bc   Data        6152  as608.o(.bss)
    AS608Para                                0x20001ac4   Data          12  as608_app.o(.bss)
    buf                                      0x20001ad0   Data          16  rc522_app.o(.bss)
    __initial_sp                             0x20001ee0   Data           0  startup_stm32f411xe.o(STACK)



==============================================================================

Memory Map of the image

  Image Entry point : 0x08000199

  Load Region LR_IROM1 (Base: 0x08000000, Size: 0x00003ff4, Max: 0x00080000, ABSOLUTE)

    Execution Region ER_IROM1 (Exec base: 0x08000000, Load base: 0x08000000, Size: 0x00003fb0, Max: 0x00080000, ABSOLUTE)

    Exec Addr    Load Addr    Size         Type   Attr      Idx    E Section Name        Object

    0x08000000   0x08000000   0x00000198   Data   RO            3    RESET               startup_stm32f411xe.o
    0x08000198   0x08000198   0x00000000   Code   RO         4578  * .ARM.Collect$$$$00000000  mc_w.l(entry.o)
    0x08000198   0x08000198   0x00000004   Code   RO         4862    .ARM.Collect$$$$00000001  mc_w.l(entry2.o)
    0x0800019c   0x0800019c   0x00000004   Code   RO         4865    .ARM.Collect$$$$00000004  mc_w.l(entry5.o)
    0x080001a0   0x080001a0   0x00000000   Code   RO         4867    .ARM.Collect$$$$00000008  mc_w.l(entry7b.o)
    0x080001a0   0x080001a0   0x00000000   Code   RO         4869    .ARM.Collect$$$$0000000A  mc_w.l(entry8b.o)
    0x080001a0   0x080001a0   0x00000008   Code   RO         4870    .ARM.Collect$$$$0000000B  mc_w.l(entry9a.o)
    0x080001a8   0x080001a8   0x00000004   Code   RO         4877    .ARM.Collect$$$$0000000E  mc_w.l(entry12b.o)
    0x080001ac   0x080001ac   0x00000000   Code   RO         4872    .ARM.Collect$$$$0000000F  mc_w.l(entry10a.o)
    0x080001ac   0x080001ac   0x00000000   Code   RO         4874    .ARM.Collect$$$$00000011  mc_w.l(entry11a.o)
    0x080001ac   0x080001ac   0x00000004   Code   RO         4863    .ARM.Collect$$$$00002712  mc_w.l(entry2.o)
    0x080001b0   0x080001b0   0x00000024   Code   RO            4    .text               startup_stm32f411xe.o
    0x080001d4   0x080001d4   0x00000062   Code   RO         4581    .text               mc_w.l(uldiv.o)
    0x08000236   0x08000236   0x00000024   Code   RO         4583    .text               mc_w.l(memseta.o)
    0x0800025a   0x0800025a   0x00000024   Code   RO         4585    .text               mc_w.l(strstr.o)
    0x0800027e   0x0800027e   0x0000001e   Code   RO         4881    .text               mc_w.l(llshl.o)
    0x0800029c   0x0800029c   0x00000020   Code   RO         4883    .text               mc_w.l(llushr.o)
    0x080002bc   0x080002bc   0x00000024   Code   RO         4896    .text               mc_w.l(init.o)
    0x080002e0   0x080002e0   0x00000128   Code   RO          537    i.ADC_Init          stm32f4xx_hal_adc.o
    0x08000408   0x08000408   0x0000023c   Code   RO         3954    i.Add_FR            as608_app.o
    0x08000644   0x08000644   0x00000002   Code   RO          365    i.BusFault_Handler  stm32f4xx_it.o
    0x08000646   0x08000646   0x00000066   Code   RO         4045    i.CalulateCRC       rc522_app.o
    0x080006ac   0x080006ac   0x00000018   Code   RO         4046    i.ClearBitMask      rc522_app.o
    0x080006c4   0x080006c4   0x0000000c   Code   RO          366    i.DMA1_Stream5_IRQHandler  stm32f4xx_it.o
    0x080006d0   0x080006d0   0x0000000c   Code   RO          367    i.DMA2_Stream2_IRQHandler  stm32f4xx_it.o
    0x080006dc   0x080006dc   0x00000028   Code   RO         1322    i.DMA_CalcBaseAndBitshift  stm32f4xx_hal_dma.o
    0x08000704   0x08000704   0x00000054   Code   RO         1323    i.DMA_CheckFifoParam  stm32f4xx_hal_dma.o
    0x08000758   0x08000758   0x00000028   Code   RO         1324    i.DMA_SetConfig     stm32f4xx_hal_dma.o
    0x08000780   0x08000780   0x00000002   Code   RO          368    i.DebugMon_Handler  stm32f4xx_it.o
    0x08000782   0x08000782   0x00000002   PAD
    0x08000784   0x08000784   0x00000024   Code   RO         3733    i.ETH_DMA_START     as608.o
    0x080007a8   0x080007a8   0x00000048   Code   RO         3734    i.ETH_UsartReceive_IDLE  as608.o
    0x080007f0   0x080007f0   0x00000006   Code   RO          369    i.EXTI0_IRQHandler  stm32f4xx_it.o
    0x080007f6   0x080007f6   0x00000002   PAD
    0x080007f8   0x080007f8   0x00000244   Code   RO         3735    i.EnsureMessage     as608.o
    0x08000a3c   0x08000a3c   0x00000002   Code   RO           13    i.Error_Handler     main.o
    0x08000a3e   0x08000a3e   0x00000002   PAD
    0x08000a40   0x08000a40   0x00000164   Code   RO          539    i.HAL_ADC_ConfigChannel  stm32f4xx_hal_adc.o
    0x08000ba4   0x08000ba4   0x00000054   Code   RO          548    i.HAL_ADC_Init      stm32f4xx_hal_adc.o
    0x08000bf8   0x08000bf8   0x00000060   Code   RO          204    i.HAL_ADC_MspInit   adc.o
    0x08000c58   0x08000c58   0x0000008e   Code   RO         1325    i.HAL_DMA_Abort     stm32f4xx_hal_dma.o
    0x08000ce6   0x08000ce6   0x00000024   Code   RO         1326    i.HAL_DMA_Abort_IT  stm32f4xx_hal_dma.o
    0x08000d0a   0x08000d0a   0x00000002   PAD
    0x08000d0c   0x08000d0c   0x000001a0   Code   RO         1330    i.HAL_DMA_IRQHandler  stm32f4xx_hal_dma.o
    0x08000eac   0x08000eac   0x000000d4   Code   RO         1331    i.HAL_DMA_Init      stm32f4xx_hal_dma.o
    0x08000f80   0x08000f80   0x0000006e   Code   RO         1335    i.HAL_DMA_Start_IT  stm32f4xx_hal_dma.o
    0x08000fee   0x08000fee   0x00000002   PAD
    0x08000ff0   0x08000ff0   0x00000024   Code   RO         1768    i.HAL_Delay         stm32f4xx_hal.o
    0x08001014   0x08001014   0x00000002   Code   RO         1216    i.HAL_GPIO_EXTI_Callback  stm32f4xx_hal_gpio.o
    0x08001016   0x08001016   0x00000002   PAD
    0x08001018   0x08001018   0x00000018   Code   RO         1217    i.HAL_GPIO_EXTI_IRQHandler  stm32f4xx_hal_gpio.o
    0x08001030   0x08001030   0x00000194   Code   RO         1218    i.HAL_GPIO_Init     stm32f4xx_hal_gpio.o
    0x080011c4   0x080011c4   0x0000000a   Code   RO         1220    i.HAL_GPIO_ReadPin  stm32f4xx_hal_gpio.o
    0x080011ce   0x080011ce   0x0000000a   Code   RO         1222    i.HAL_GPIO_WritePin  stm32f4xx_hal_gpio.o
    0x080011d8   0x080011d8   0x0000000c   Code   RO         1774    i.HAL_GetTick       stm32f4xx_hal.o
    0x080011e4   0x080011e4   0x00000010   Code   RO         1780    i.HAL_IncTick       stm32f4xx_hal.o
    0x080011f4   0x080011f4   0x00000034   Code   RO         1781    i.HAL_Init          stm32f4xx_hal.o
    0x08001228   0x08001228   0x00000074   Code   RO          495    i.HAL_InitTick      stm32f4xx_hal_timebase_tim.o
    0x0800129c   0x0800129c   0x00000030   Code   RO          471    i.HAL_MspInit       stm32f4xx_hal_msp.o
    0x080012cc   0x080012cc   0x0000001a   Code   RO         1631    i.HAL_NVIC_EnableIRQ  stm32f4xx_hal_cortex.o
    0x080012e6   0x080012e6   0x00000002   PAD
    0x080012e8   0x080012e8   0x00000040   Code   RO         1637    i.HAL_NVIC_SetPriority  stm32f4xx_hal_cortex.o
    0x08001328   0x08001328   0x00000024   Code   RO         1638    i.HAL_NVIC_SetPriorityGrouping  stm32f4xx_hal_cortex.o
    0x0800134c   0x0800134c   0x00000134   Code   RO          810    i.HAL_RCC_ClockConfig  stm32f4xx_hal_rcc.o
    0x08001480   0x08001480   0x00000040   Code   RO          814    i.HAL_RCC_GetClockConfig  stm32f4xx_hal_rcc.o
    0x080014c0   0x080014c0   0x00000020   Code   RO          817    i.HAL_RCC_GetPCLK1Freq  stm32f4xx_hal_rcc.o
    0x080014e0   0x080014e0   0x00000020   Code   RO          818    i.HAL_RCC_GetPCLK2Freq  stm32f4xx_hal_rcc.o
    0x08001500   0x08001500   0x00000064   Code   RO          819    i.HAL_RCC_GetSysClockFreq  stm32f4xx_hal_rcc.o
    0x08001564   0x08001564   0x0000035c   Code   RO          822    i.HAL_RCC_OscConfig  stm32f4xx_hal_rcc.o
    0x080018c0   0x080018c0   0x00000080   Code   RO         2030    i.HAL_SPI_Init      stm32f4xx_hal_spi.o
    0x08001940   0x08001940   0x000000b0   Code   RO          270    i.HAL_SPI_MspInit   spi.o
    0x080019f0   0x080019f0   0x000001e2   Code   RO         2039    i.HAL_SPI_TransmitReceive  stm32f4xx_hal_spi.o
    0x08001bd2   0x08001bd2   0x00000002   Code   RO         3018    i.HAL_TIMEx_BreakCallback  stm32f4xx_hal_tim_ex.o
    0x08001bd4   0x08001bd4   0x00000002   Code   RO         3019    i.HAL_TIMEx_CommutCallback  stm32f4xx_hal_tim_ex.o
    0x08001bd6   0x08001bd6   0x00000036   Code   RO         2343    i.HAL_TIM_Base_Init  stm32f4xx_hal_tim.o
    0x08001c0c   0x08001c0c   0x00000002   Code   RO         2345    i.HAL_TIM_Base_MspInit  stm32f4xx_hal_tim.o
    0x08001c0e   0x08001c0e   0x00000022   Code   RO         2348    i.HAL_TIM_Base_Start_IT  stm32f4xx_hal_tim.o
    0x08001c30   0x08001c30   0x00000002   Code   RO         2372    i.HAL_TIM_IC_CaptureCallback  stm32f4xx_hal_tim.o
    0x08001c32   0x08001c32   0x00000166   Code   RO         2386    i.HAL_TIM_IRQHandler  stm32f4xx_hal_tim.o
    0x08001d98   0x08001d98   0x00000002   Code   RO         2389    i.HAL_TIM_OC_DelayElapsedCallback  stm32f4xx_hal_tim.o
    0x08001d9a   0x08001d9a   0x00000002   Code   RO         2416    i.HAL_TIM_PWM_PulseFinishedCallback  stm32f4xx_hal_tim.o
    0x08001d9c   0x08001d9c   0x00000014   Code   RO           14    i.HAL_TIM_PeriodElapsedCallback  main.o
    0x08001db0   0x08001db0   0x00000002   Code   RO         2429    i.HAL_TIM_TriggerCallback  stm32f4xx_hal_tim.o
    0x08001db2   0x08001db2   0x00000058   Code   RO         3288    i.HAL_UART_DMAStop  stm32f4xx_hal_uart.o
    0x08001e0a   0x08001e0a   0x00000002   Code   RO         3290    i.HAL_UART_ErrorCallback  stm32f4xx_hal_uart.o
    0x08001e0c   0x08001e0c   0x00000114   Code   RO         3293    i.HAL_UART_IRQHandler  stm32f4xx_hal_uart.o
    0x08001f20   0x08001f20   0x00000062   Code   RO         3294    i.HAL_UART_Init     stm32f4xx_hal_uart.o
    0x08001f82   0x08001f82   0x00000002   PAD
    0x08001f84   0x08001f84   0x00000118   Code   RO          318    i.HAL_UART_MspInit  usart.o
    0x0800209c   0x0800209c   0x00000098   Code   RO         3298    i.HAL_UART_Receive_DMA  stm32f4xx_hal_uart.o
    0x08002134   0x08002134   0x00000002   Code   RO         3300    i.HAL_UART_RxCpltCallback  stm32f4xx_hal_uart.o
    0x08002136   0x08002136   0x00000002   Code   RO         3301    i.HAL_UART_RxHalfCpltCallback  stm32f4xx_hal_uart.o
    0x08002138   0x08002138   0x000000ba   Code   RO         3302    i.HAL_UART_Transmit  stm32f4xx_hal_uart.o
    0x080021f2   0x080021f2   0x00000002   Code   RO         3305    i.HAL_UART_TxCpltCallback  stm32f4xx_hal_uart.o
    0x080021f4   0x080021f4   0x00000002   Code   RO          370    i.HardFault_Handler  stm32f4xx_it.o
    0x080021f6   0x080021f6   0x00000002   PAD
    0x080021f8   0x080021f8   0x00000074   Code   RO         3736    i.JudgeStr          as608.o
    0x0800226c   0x0800226c   0x00000098   Code   RO         4206    i.Line_1A_WT588S    speak_hal.o
    0x08002304   0x08002304   0x00000058   Code   RO         4047    i.M500PcdConfigISOType  rc522_app.o
    0x0800235c   0x0800235c   0x00000060   Code   RO          205    i.MX_ADC1_Init      adc.o
    0x080023bc   0x080023bc   0x0000002c   Code   RO          245    i.MX_DMA_Init       dma.o
    0x080023e8   0x080023e8   0x000000f4   Code   RO          179    i.MX_GPIO_Init      gpio.o
    0x080024dc   0x080024dc   0x00000048   Code   RO          271    i.MX_SPI1_Init      spi.o
    0x08002524   0x08002524   0x00000048   Code   RO          272    i.MX_SPI2_Init      spi.o
    0x0800256c   0x0800256c   0x00000038   Code   RO          319    i.MX_USART1_UART_Init  usart.o
    0x080025a4   0x080025a4   0x00000038   Code   RO          320    i.MX_USART2_UART_Init  usart.o
    0x080025dc   0x080025dc   0x00000018   Code   RO         3737    i.MYUSART_SendData  as608.o
    0x080025f4   0x080025f4   0x00000002   Code   RO          371    i.MemManage_Handler  stm32f4xx_it.o
    0x080025f6   0x080025f6   0x00000002   Code   RO          372    i.NMI_Handler       stm32f4xx_it.o
    0x080025f8   0x080025f8   0x0000003c   Code   RO         3742    i.PS_GenChar        as608.o
    0x08002634   0x08002634   0x00000034   Code   RO         3743    i.PS_GetImage       as608.o
    0x08002668   0x08002668   0x00000068   Code   RO         3744    i.PS_HandShake      as608.o
    0x080026d0   0x080026d0   0x00000084   Code   RO         3745    i.PS_HighSpeedSearch  as608.o
    0x08002754   0x08002754   0x00000034   Code   RO         3747    i.PS_Match          as608.o
    0x08002788   0x08002788   0x000000e4   Code   RO         3749    i.PS_ReadSysPara    as608.o
    0x0800286c   0x0800286c   0x00000034   Code   RO         3750    i.PS_RegModel       as608.o
    0x080028a0   0x080028a0   0x00000052   Code   RO         3754    i.PS_StoreChar      as608.o
    0x080028f2   0x080028f2   0x00000002   PAD
    0x080028f4   0x080028f4   0x0000007c   Code   RO         3757    i.PS_ValidTempleteNum  as608.o
    0x08002970   0x08002970   0x00000008   Code   RO         4048    i.PcdAntennaOff     rc522_app.o
    0x08002978   0x08002978   0x0000001a   Code   RO         4049    i.PcdAntennaOn      rc522_app.o
    0x08002992   0x08002992   0x0000006a   Code   RO         4050    i.PcdAnticoll       rc522_app.o
    0x080029fc   0x080029fc   0x00000052   Code   RO         4051    i.PcdAuthState      rc522_app.o
    0x08002a4e   0x08002a4e   0x00000116   Code   RO         4053    i.PcdComMF522       rc522_app.o
    0x08002b64   0x08002b64   0x00000032   Code   RO         4054    i.PcdHalt           rc522_app.o
    0x08002b96   0x08002b96   0x0000004a   Code   RO         4055    i.PcdRead           rc522_app.o
    0x08002be0   0x08002be0   0x00000050   Code   RO         4056    i.PcdRequest        rc522_app.o
    0x08002c30   0x08002c30   0x00000140   Code   RO         4057    i.PcdReset          rc522_app.o
    0x08002d70   0x08002d70   0x00000062   Code   RO         4058    i.PcdSelect         rc522_app.o
    0x08002dd2   0x08002dd2   0x00000080   Code   RO         4060    i.PcdWrite          rc522_app.o
    0x08002e52   0x08002e52   0x00000002   Code   RO          373    i.PendSV_Handler    stm32f4xx_it.o
    0x08002e54   0x08002e54   0x00000038   Code   RO         4061    i.ReadRawRC         rc522_app.o
    0x08002e8c   0x08002e8c   0x00000058   Code   RO         2068    i.SPI_EndRxTxTransaction  stm32f4xx_hal_spi.o
    0x08002ee4   0x08002ee4   0x00000048   Code   RO         4062    i.SPI_ReadData      rc522_app.o
    0x08002f2c   0x08002f2c   0x00000094   Code   RO         2073    i.SPI_WaitFlagStateUntilTimeout  stm32f4xx_hal_spi.o
    0x08002fc0   0x08002fc0   0x00000038   Code   RO         4063    i.SPI_WriteData     rc522_app.o
    0x08002ff8   0x08002ff8   0x00000002   Code   RO          374    i.SVC_Handler       stm32f4xx_it.o
    0x08002ffa   0x08002ffa   0x00000002   PAD
    0x08002ffc   0x08002ffc   0x00000030   Code   RO         3760    i.SendAddr          as608.o
    0x0800302c   0x0800302c   0x00000014   Code   RO         3761    i.SendCheck         as608.o
    0x08003040   0x08003040   0x00000012   Code   RO         3762    i.SendHead          as608.o
    0x08003052   0x08003052   0x00000016   Code   RO         3763    i.SendLength        as608.o
    0x08003068   0x08003068   0x00000018   Code   RO         4064    i.SetBitMask        rc522_app.o
    0x08003080   0x08003080   0x00000014   Code   RO         3764    i.ShowErrMessage    as608.o
    0x08003094   0x08003094   0x00000002   Code   RO          375    i.SysTick_Handler   stm32f4xx_it.o
    0x08003096   0x08003096   0x00000002   PAD
    0x08003098   0x08003098   0x00000084   Code   RO           15    i.SystemClock_Config  main.o
    0x0800311c   0x0800311c   0x0000001c   Code   RO         3596    i.SystemInit        system_stm32f4xx.o
    0x08003138   0x08003138   0x0000000c   Code   RO          376    i.TIM3_IRQHandler   stm32f4xx_it.o
    0x08003144   0x08003144   0x00000098   Code   RO         2431    i.TIM_Base_SetConfig  stm32f4xx_hal_tim.o
    0x080031dc   0x080031dc   0x00000010   Code   RO         3307    i.UART_DMAAbortOnError  stm32f4xx_hal_uart.o
    0x080031ec   0x080031ec   0x0000004a   Code   RO         3308    i.UART_DMAError     stm32f4xx_hal_uart.o
    0x08003236   0x08003236   0x0000003c   Code   RO         3309    i.UART_DMAReceiveCplt  stm32f4xx_hal_uart.o
    0x08003272   0x08003272   0x0000000a   Code   RO         3311    i.UART_DMARxHalfCplt  stm32f4xx_hal_uart.o
    0x0800327c   0x0800327c   0x0000001c   Code   RO         3317    i.UART_EndRxTransfer  stm32f4xx_hal_uart.o
    0x08003298   0x08003298   0x00000012   Code   RO         3318    i.UART_EndTxTransfer  stm32f4xx_hal_uart.o
    0x080032aa   0x080032aa   0x00000096   Code   RO         3319    i.UART_Receive_IT   stm32f4xx_hal_uart.o
    0x08003340   0x08003340   0x00000128   Code   RO         3320    i.UART_SetConfig    stm32f4xx_hal_uart.o
    0x08003468   0x08003468   0x00000062   Code   RO         3321    i.UART_Transmit_IT  stm32f4xx_hal_uart.o
    0x080034ca   0x080034ca   0x00000064   Code   RO         3322    i.UART_WaitOnFlagUntilTimeout  stm32f4xx_hal_uart.o
    0x0800352e   0x0800352e   0x00000002   PAD
    0x08003530   0x08003530   0x00000014   Code   RO         3765    i.USART1_IRQHandler  as608.o
    0x08003544   0x08003544   0x0000000c   Code   RO          377    i.USART2_IRQHandler  stm32f4xx_it.o
    0x08003550   0x08003550   0x00000002   Code   RO          378    i.UsageFault_Handler  stm32f4xx_it.o
    0x08003552   0x08003552   0x00000002   PAD
    0x08003554   0x08003554   0x00000034   Code   RO         4066    i.WriteRawRC        rc522_app.o
    0x08003588   0x08003588   0x00000020   Code   RO         4794    i.__0printf$8       mc_w.l(printf8.o)
    0x080035a8   0x080035a8   0x00000020   Code   RO         1644    i.__NVIC_SetPriority  stm32f4xx_hal_cortex.o
    0x080035c8   0x080035c8   0x0000000e   Code   RO         4900    i.__scatterload_copy  mc_w.l(handlers.o)
    0x080035d6   0x080035d6   0x00000002   Code   RO         4901    i.__scatterload_null  mc_w.l(handlers.o)
    0x080035d8   0x080035d8   0x0000000e   Code   RO         4902    i.__scatterload_zeroinit  mc_w.l(handlers.o)
    0x080035e6   0x080035e6   0x00000002   PAD
    0x080035e8   0x080035e8   0x00000404   Code   RO         4801    i._printf_core      mc_w.l(printf8.o)
    0x080039ec   0x080039ec   0x00000024   Code   RO         4802    i._printf_post_padding  mc_w.l(printf8.o)
    0x08003a10   0x08003a10   0x0000002e   Code   RO         4803    i._printf_pre_padding  mc_w.l(printf8.o)
    0x08003a3e   0x08003a3e   0x00000002   PAD
    0x08003a40   0x08003a40   0x000000a8   Code   RO         3633    i.app_task_run      app_task.o
    0x08003ae8   0x08003ae8   0x00000022   Code   RO         4207    i.delay_2us         speak_hal.o
    0x08003b0a   0x08003b0a   0x00000002   PAD
    0x08003b0c   0x08003b0c   0x00000110   Code   RO         3634    i.device            app_task.o
    0x08003c1c   0x08003c1c   0x00000018   Code   RO         4018    i.fputc             debug_usart_hal.o
    0x08003c34   0x08003c34   0x000000a4   Code   RO           16    i.main              main.o
    0x08003cd8   0x08003cd8   0x000000d8   Code   RO         3958    i.press_FR          as608_app.o
    0x08003db0   0x08003db0   0x00000160   Code   RO         4067    i.rc522_find_card   rc522_app.o
    0x08003f10   0x08003f10   0x00000018   Code   RO         4068    i.test_rc522_init   rc522_app.o
    0x08003f28   0x08003f28   0x00000008   Data   RO         1337    .constdata          stm32f4xx_hal_dma.o
    0x08003f30   0x08003f30   0x00000010   Data   RO         3597    .constdata          system_stm32f4xx.o
    0x08003f40   0x08003f40   0x00000008   Data   RO         3598    .constdata          system_stm32f4xx.o
    0x08003f48   0x08003f48   0x00000047   Data   RO         3635    .conststring        app_task.o
    0x08003f8f   0x08003f8f   0x00000001   PAD
    0x08003f90   0x08003f90   0x00000020   Data   RO         4898    Region$$Table       anon$$obj.o


    Execution Region RW_IRAM1 (Exec base: 0x20000000, Load base: 0x08003fb0, Size: 0x00001ee0, Max: 0x00020000, ABSOLUTE)

    Exec Addr    Load Addr    Size         Type   Attr      Idx    E Section Name        Object

    0x20000000   0x08003fb0   0x0000000c   Data   RW         1788    .data               stm32f4xx_hal.o
    0x2000000c   0x08003fbc   0x00000004   Data   RW         3599    .data               system_stm32f4xx.o
    0x20000010   0x08003fc0   0x00000008   Data   RW         3636    .data               app_task.o
    0x20000018   0x08003fc8   0x00000004   Data   RW         3767    .data               as608.o
    0x2000001c   0x08003fcc   0x00000004   Data   RW         3961    .data               as608_app.o
    0x20000020   0x08003fd0   0x0000001d   Data   RW         4070    .data               rc522_app.o
    0x2000003d   0x08003fed   0x00000003   PAD
    0x20000040   0x08003ff0   0x00000004   Data   RW         4878    .data               mc_w.l(stdout.o)
    0x20000044        -       0x00000048   Zero   RW          206    .bss                adc.o
    0x2000008c        -       0x000000b0   Zero   RW          273    .bss                spi.o
    0x2000013c        -       0x00000140   Zero   RW          321    .bss                usart.o
    0x2000027c        -       0x00000040   Zero   RW          498    .bss                stm32f4xx_hal_timebase_tim.o
    0x200002bc        -       0x00001808   Zero   RW         3766    .bss                as608.o
    0x20001ac4        -       0x0000000c   Zero   RW         3960    .bss                as608_app.o
    0x20001ad0        -       0x00000010   Zero   RW         4069    .bss                rc522_app.o
    0x20001ae0        -       0x00000400   Zero   RW            1    STACK               startup_stm32f411xe.o


==============================================================================

Image component sizes


      Code (inc. data)   RO Data    RW Data    ZI Data      Debug   Object Name

       192         26          0          0         72       1693   adc.o
       440        168         71          8          0       4234   app_task.o
      1862        648          0          4       6152      14799   as608.o
       788        342          0          4         12       3930   as608_app.o
        24          4          0          0          0        520   debug_usart_hal.o
        44          6          0          0          0        790   dma.o
       244         22          0          0          0        963   gpio.o
       318         46          0          0          0     437676   main.o
      2100        298          0         29         16      16223   rc522_app.o
       186          6          0          0          0       1301   speak_hal.o
       320         42          0          0        176       2382   spi.o
        36          8        408          0       1024        844   startup_stm32f411xe.o
       116         18          0         12          0       8638   stm32f4xx_hal.o
       736         34          0          0          0       2927   stm32f4xx_hal_adc.o
       158         14          0          0          0      33206   stm32f4xx_hal_cortex.o
      1080         16          8          0          0       7438   stm32f4xx_hal_dma.o
       450         40          0          0          0       4275   stm32f4xx_hal_gpio.o
        48          6          0          0          0        850   stm32f4xx_hal_msp.o
      1396         86          0          0          0       5957   stm32f4xx_hal_rcc.o
       846          8          0          0          0       4785   stm32f4xx_hal_spi.o
       608         30          0          0          0       7320   stm32f4xx_hal_tim.o
         4          0          0          0          0       1633   stm32f4xx_hal_tim_ex.o
       116         16          0          0         64       1423   stm32f4xx_hal_timebase_tim.o
      1658         30          0          0          0      14267   stm32f4xx_hal_uart.o
        72         24          0          0          0       6543   stm32f4xx_it.o
        28          6         24          4          0       1155   system_stm32f4xx.o
       392         46          0          0        320       2597   usart.o

    ----------------------------------------------------------------------
     14292       1990        544         64       7836     588369   Object Totals
         0          0         32          0          0          0   (incl. Generated)
        30          0          1          3          0          0   (incl. Padding)

    ----------------------------------------------------------------------

      Code (inc. data)   RO Data    RW Data    ZI Data      Debug   Library Member Name

         0          0          0          0          0          0   entry.o
         0          0          0          0          0          0   entry10a.o
         0          0          0          0          0          0   entry11a.o
         4          0          0          0          0          0   entry12b.o
         8          4          0          0          0          0   entry2.o
         4          0          0          0          0          0   entry5.o
         0          0          0          0          0          0   entry7b.o
         0          0          0          0          0          0   entry8b.o
         8          4          0          0          0          0   entry9a.o
        30          0          0          0          0          0   handlers.o
        36          8          0          0          0         68   init.o
        30          0          0          0          0         68   llshl.o
        32          0          0          0          0         68   llushr.o
        36          0          0          0          0        108   memseta.o
      1142         54          0          0          0        352   printf8.o
         0          0          0          4          0          0   stdout.o
        36          0          0          0          0         80   strstr.o
        98          0          0          0          0         92   uldiv.o

    ----------------------------------------------------------------------
      1468         70          0          4          0        836   Library Totals
         4          0          0          0          0          0   (incl. Padding)

    ----------------------------------------------------------------------

      Code (inc. data)   RO Data    RW Data    ZI Data      Debug   Library Name

      1464         70          0          4          0        836   mc_w.l

    ----------------------------------------------------------------------
      1468         70          0          4          0        836   Library Totals

    ----------------------------------------------------------------------

==============================================================================


      Code (inc. data)   RO Data    RW Data    ZI Data      Debug   

     15760       2060        544         68       7836     575445   Grand Totals
     15760       2060        544         68       7836     575445   ELF Image Totals
     15760       2060        544         68          0          0   ROM Totals

==============================================================================

    Total RO  Size (Code + RO Data)                16304 (  15.92kB)
    Total RW  Size (RW Data + ZI Data)              7904 (   7.72kB)
    Total ROM Size (Code + RO Data + RW Data)      16372 (  15.99kB)

==============================================================================

